This is pdfTeX, Version 3.141592653-2.6-1.40.28 (TeX Live 2025) (preloaded format=pdflatex 2025.10.15)  20 JAN 2026 14:55
entering extended mode
 restricted \write18 enabled.
 %&-line parsing enabled.
**main.tex
(./main.tex
LaTeX2e <2025-06-01> patch level 1
L3 programming layer <2025-09-02>
(./MastersDoctoralThesis.cls
Document Class: MastersDoctoralThesis 2016/11/22 v1.5 LaTeXTemplates.com
(c:/texlive/2025/texmf-dist/tex/latex/etoolbox/etoolbox.sty
Package: etoolbox 2025/10/02 v2.5m e-TeX tools for LaTeX (JAW)
\etb@tempcnta=\count275
)
(c:/texlive/2025/texmf-dist/tex/latex/l3packages/xparse/xparse.sty
(c:/texlive/2025/texmf-dist/tex/latex/l3kernel/expl3.sty
Package: expl3 2025-09-02 L3 programming layer (loader) 

(c:/texlive/2025/texmf-dist/tex/latex/l3backend/l3backend-pdftex.def
File: l3backend-pdftex.def 2025-06-09 L3 backend support: PDF output (pdfTeX)
\l__color_backend_stack_int=\count276
))
Package: xparse 2024-08-16 L3 Experimental document command parser
)
(c:/texlive/2025/texmf-dist/tex/latex/base/book.cls
Document Class: book 2025/01/22 v1.4n Standard LaTeX document class
(c:/texlive/2025/texmf-dist/tex/latex/base/bk12.clo
File: bk12.clo 2025/01/22 v1.4n Standard LaTeX file (size option)
)
\c@part=\count277
\c@chapter=\count278
\c@section=\count279
\c@subsection=\count280
\c@subsubsection=\count281
\c@paragraph=\count282
\c@subparagraph=\count283
\c@figure=\count284
\c@table=\count285
\abovecaptionskip=\skip49
\belowcaptionskip=\skip50
\bibindent=\dimen148
)
(c:/texlive/2025/texmf-dist/tex/generic/babel/babel.sty
Package: babel 2025/10/01 v25.13 The multilingual framework for LuaLaTeX, pdfLa
TeX and XeLaTeX
\babel@savecnt=\count286
LaTeX Encoding Info:    Redeclaring text command \ij (encoding OT1) on input li
ne 2045.
LaTeX Encoding Info:    Redeclaring text command \IJ (encoding OT1) on input li
ne 2047.
LaTeX Encoding Info:    Redeclaring text command \ij (encoding T1) on input lin
e 2049.
LaTeX Encoding Info:    Redeclaring text command \IJ (encoding T1) on input lin
e 2050.
LaTeX Encoding Info:    Ignoring declaration for text command \ij (encoding ?) 
on input line 2051.
LaTeX Encoding Info:    Ignoring declaration for text command \IJ (encoding ?) 
on input line 2053.
LaTeX Encoding Info:    Ignoring declaration for text command \SS (encoding ?) 
on input line 2078.
\U@D=\dimen149
\l@unhyphenated=\language90

(c:/texlive/2025/texmf-dist/tex/generic/babel/txtbabel.def)
\bbl@readstream=\read2
\bbl@dirlevel=\count287

(c:/texlive/2025/texmf-dist/tex/generic/babel-english/english.ldf
Language: english 2017/06/06 v3.3r English support from the babel system

(c:/texlive/2025/texmf-dist/tex/generic/babel/locale/en/babel-english.tex
Package babel Info: Importing font and identification data for english
(babel)             from babel-en.ini. Reported on input line 12.
)
Package babel Info: Hyphen rules for 'canadian' set to \l@english
(babel)             (\language0). Reported on input line 102.
Package babel Info: Hyphen rules for 'australian' set to \l@ukenglish
(babel)             (\language22). Reported on input line 105.
Package babel Info: Hyphen rules for 'newzealand' set to \l@ukenglish
(babel)             (\language22). Reported on input line 108.
))
(c:/texlive/2025/texmf-dist/tex/latex/koma-script/scrbase.sty
Package: scrbase 2025/09/09 v3.48 KOMA-Script package (KOMA-Script-independent 
basics and keyval usage)

(c:/texlive/2025/texmf-dist/tex/latex/koma-script/scrlfile.sty
Package: scrlfile 2025/09/09 v3.48 KOMA-Script package (file load hooks)

(c:/texlive/2025/texmf-dist/tex/latex/koma-script/scrlfile-hook.sty
Package: scrlfile-hook 2025/09/09 v3.48 KOMA-Script package (using LaTeX hooks)


(c:/texlive/2025/texmf-dist/tex/latex/koma-script/scrlogo.sty
Package: scrlogo 2025/09/09 v3.48 KOMA-Script package (logo)
)))
(c:/texlive/2025/texmf-dist/tex/latex/graphics/keyval.sty
Package: keyval 2022/05/29 v1.15 key=value parser (DPC)
\KV@toks@=\toks17
)
Applying: [2021/05/01] Usage of raw or classic option list on input line 254.
Already applied: [0000/00/00] Usage of raw or classic option list on input line
 370.
)
(c:/texlive/2025/texmf-dist/tex/latex/scrhack/scrhack.sty
Package: scrhack 2024-09-04 v3.42 scrhack emulation package
)
(c:/texlive/2025/texmf-dist/tex/latex/setspace/setspace.sty
Package: setspace 2022/12/04 v6.7b set line spacing
)
(c:/texlive/2025/texmf-dist/tex/latex/setspaceenhanced/setspaceenhanced.sty
Package: setspaceenhanced 2024-11-12 v1.04 improved setspace package
)
(c:/texlive/2025/texmf-dist/tex/latex/tools/longtable.sty
Package: longtable 2024-12-18 v4.23 Multi-page Table package (DPC)
\LTleft=\skip51
\LTright=\skip52
\LTpre=\skip53
\LTpost=\skip54
\LTchunksize=\count288
\LTcapwidth=\dimen150
\LT@head=\box53
\LT@firsthead=\box54
\LT@foot=\box55
\LT@lastfoot=\box56
\LT@gbox=\box57
\LT@cols=\count289
\LT@rows=\count290
\c@LT@tables=\count291
\c@LT@chunks=\count292
\LT@p@ftn=\toks18
)
(c:/texlive/2025/texmf-dist/tex/latex/siunitx/siunitx.sty
Package: siunitx 2025-07-09 v3.4.14 A comprehensive (SI) units package
\l__siunitx_number_uncert_offset_int=\count293
\l__siunitx_number_exponent_fixed_int=\count294
\l__siunitx_number_min_decimal_int=\count295
\l__siunitx_number_min_integer_int=\count296
\l__siunitx_number_round_precision_int=\count297
\l__siunitx_number_lower_threshold_int=\count298
\l__siunitx_number_upper_threshold_int=\count299
\l__siunitx_number_group_first_int=\count300
\l__siunitx_number_group_size_int=\count301
\l__siunitx_number_group_minimum_int=\count302
\l__siunitx_angle_tmp_dim=\dimen151
\l__siunitx_angle_marker_box=\box58
\l__siunitx_angle_unit_box=\box59
\l__siunitx_compound_count_int=\count303

(c:/texlive/2025/texmf-dist/tex/latex/translations/translations.sty
Package: translations 2022/02/05 v1.12 internationalization of LaTeX2e packages
 (CN)

(c:/texlive/2025/texmf-dist/tex/generic/pdftexcmds/pdftexcmds.sty
Package: pdftexcmds 2020-06-27 v0.33 Utility functions of pdfTeX for LuaTeX (HO
)

(c:/texlive/2025/texmf-dist/tex/generic/infwarerr/infwarerr.sty
Package: infwarerr 2019/12/03 v1.5 Providing info/warning/error messages (HO)
)
(c:/texlive/2025/texmf-dist/tex/generic/iftex/iftex.sty
Package: iftex 2024/12/12 v1.0g TeX engine tests
)
(c:/texlive/2025/texmf-dist/tex/generic/ltxcmds/ltxcmds.sty
Package: ltxcmds 2023-12-04 v1.26 LaTeX kernel commands for general use (HO)
)
Package pdftexcmds Info: \pdf@primitive is available.
Package pdftexcmds Info: \pdf@ifprimitive is available.
Package pdftexcmds Info: \pdfdraftmode found.
))
(c:/texlive/2025/texmf-dist/tex/latex/amsmath/amstext.sty
Package: amstext 2024/11/17 v2.01 AMS text

(c:/texlive/2025/texmf-dist/tex/latex/amsmath/amsgen.sty
File: amsgen.sty 1999/11/30 v2.0 generic functions
\@emptytoks=\toks19
\ex@=\dimen152
))
\l__siunitx_table_tmp_box=\box60
\l__siunitx_table_tmp_dim=\dimen153
\l__siunitx_table_column_width_dim=\dimen154
\l__siunitx_table_integer_box=\box61
\l__siunitx_table_decimal_box=\box62
\l__siunitx_table_uncert_box=\box63
\l__siunitx_table_before_box=\box64
\l__siunitx_table_after_box=\box65
\l__siunitx_table_before_dim=\dimen155
\l__siunitx_table_carry_dim=\dimen156
\l__siunitx_unit_tmp_int=\count304
\l__siunitx_unit_position_int=\count305
\l__siunitx_unit_total_int=\count306

(c:/texlive/2025/texmf-dist/tex/latex/tools/array.sty
Package: array 2025/06/08 v2.6j Tabular extension package (FMi)
\col@sep=\dimen157
\ar@mcellbox=\box66
\extrarowheight=\dimen158
\NC@list=\toks20
\extratabsurround=\skip55
\backup@length=\skip56
\ar@cellbox=\box67
))
(c:/texlive/2025/texmf-dist/tex/latex/graphics/graphicx.sty
Package: graphicx 2024/12/31 v1.2e Enhanced LaTeX Graphics (DPC,SPQR)

(c:/texlive/2025/texmf-dist/tex/latex/graphics/graphics.sty
Package: graphics 2024/08/06 v1.4g Standard LaTeX Graphics (DPC,SPQR)

(c:/texlive/2025/texmf-dist/tex/latex/graphics/trig.sty
Package: trig 2023/12/02 v1.11 sin cos tan (DPC)
)
(c:/texlive/2025/texmf-dist/tex/latex/graphics-cfg/graphics.cfg
File: graphics.cfg 2016/06/04 v1.11 sample graphics configuration
)
Package graphics Info: Driver file: pdftex.def on input line 106.

(c:/texlive/2025/texmf-dist/tex/latex/graphics-def/pdftex.def
File: pdftex.def 2025/09/29 v1.2d Graphics/color driver for pdftex
))
\Gin@req@height=\dimen159
\Gin@req@width=\dimen160
)
(c:/texlive/2025/texmf-dist/tex/latex/booktabs/booktabs.sty
Package: booktabs 2020/01/12 v1.61803398 Publication quality tables
\heavyrulewidth=\dimen161
\lightrulewidth=\dimen162
\cmidrulewidth=\dimen163
\belowrulesep=\dimen164
\belowbottomsep=\dimen165
\aboverulesep=\dimen166
\abovetopsep=\dimen167
\cmidrulesep=\dimen168
\cmidrulekern=\dimen169
\defaultaddspace=\dimen170
\@cmidla=\count307
\@cmidlb=\count308
\@aboverulesep=\dimen171
\@belowrulesep=\dimen172
\@thisruleclass=\count309
\@lastruleclass=\count310
\@thisrulewidth=\dimen173
)
(c:/texlive/2025/texmf-dist/tex/latex/caption/caption.sty
Package: caption 2023/08/05 v3.6o Customizing captions (AR)

(c:/texlive/2025/texmf-dist/tex/latex/caption/caption3.sty
Package: caption3 2023/07/31 v2.4d caption3 kernel (AR)
\caption@tempdima=\dimen174
\captionmargin=\dimen175
\caption@leftmargin=\dimen176
\caption@rightmargin=\dimen177
\caption@width=\dimen178
\caption@indent=\dimen179
\caption@parindent=\dimen180
\caption@hangindent=\dimen181
Package caption Info: Standard document class detected.
)
\c@caption@flags=\count311
\c@continuedfloat=\count312
Package caption Info: longtable package is loaded.

(c:/texlive/2025/texmf-dist/tex/latex/caption/ltcaption.sty
Package: ltcaption 2021/01/08 v1.4c longtable captions (AR)
))
(c:/texlive/2025/texmf-dist/tex/latex/xcolor/xcolor.sty
Package: xcolor 2024/09/29 v3.02 LaTeX color extensions (UK)

(c:/texlive/2025/texmf-dist/tex/latex/graphics-cfg/color.cfg
File: color.cfg 2016/01/02 v1.6 sample color configuration
)
Package xcolor Info: Driver file: pdftex.def on input line 274.

(c:/texlive/2025/texmf-dist/tex/latex/graphics/mathcolor.ltx)
Package xcolor Info: Model `cmy' substituted by `cmy0' on input line 1349.
Package xcolor Info: Model `hsb' substituted by `rgb' on input line 1353.
Package xcolor Info: Model `RGB' extended on input line 1365.
Package xcolor Info: Model `HTML' substituted by `rgb' on input line 1367.
Package xcolor Info: Model `Hsb' substituted by `hsb' on input line 1368.
Package xcolor Info: Model `tHsb' substituted by `hsb' on input line 1369.
Package xcolor Info: Model `HSB' substituted by `hsb' on input line 1370.
Package xcolor Info: Model `Gray' substituted by `gray' on input line 1371.
Package xcolor Info: Model `wave' substituted by `hsb' on input line 1372.
)
(c:/texlive/2025/texmf-dist/tex/latex/geometry/geometry.sty
Package: geometry 2020/01/02 v5.9 Page Geometry

(c:/texlive/2025/texmf-dist/tex/generic/iftex/ifvtex.sty
Package: ifvtex 2019/10/25 v1.7 ifvtex legacy package. Use iftex instead.
)
\Gm@cnth=\count313
\Gm@cntv=\count314
\c@Gm@tempcnt=\count315
\Gm@bindingoffset=\dimen182
\Gm@wd@mp=\dimen183
\Gm@odd@mp=\dimen184
\Gm@even@mp=\dimen185
\Gm@layoutwidth=\dimen186
\Gm@layoutheight=\dimen187
\Gm@layouthoffset=\dimen188
\Gm@layoutvoffset=\dimen189
\Gm@dimlist=\toks21
)
(c:/texlive/2025/texmf-dist/tex/latex/koma-script/scrlayer-scrpage.sty
Package: scrlayer-scrpage 2025/09/09 v3.48 KOMA-Script package (end user interf
ace for scrlayer)

(c:/texlive/2025/texmf-dist/tex/latex/koma-script/scrlayer.sty
Package: scrlayer 2025/09/09 v3.48 KOMA-Script package (defining layers and pag
e styles)

(c:/texlive/2025/texmf-dist/tex/latex/koma-script/scrkbase.sty
Package: scrkbase 2025/09/09 v3.48 KOMA-Script package (KOMA-Script-dependent b
asics and keyval usage)
)
\footheight=\skip57
Package scrlayer Info: patching LaTeX kernel macro \pagestyle on input line 217
9.
)
Package scrbase Info: Unknown processing state.
(scrbase)             Processing option `markcase=used'
(scrbase)             of member `.scrlayer-scrpage.sty' of family
(scrbase)             `KOMA' doesn't set
(scrbase)             a valid state. This will be interpreted
(scrbase)             as \FamilyKeyStateProcessed on input line 649.
))
(c:/texlive/2025/texmf-dist/tex/latex/base/inputenc.sty
Package: inputenc 2024/02/08 v1.3d Input encoding file
\inpenc@prehook=\toks22
\inpenc@posthook=\toks23
)
(c:/texlive/2025/texmf-dist/tex/latex/base/fontenc.sty
Package: fontenc 2024/12/21 v2.1c Standard LaTeX package
)
(c:/texlive/2025/texmf-dist/tex/latex/psnfss/mathpazo.sty
Package: mathpazo 2020/03/25 PSNFSS-v9.3 Palatino w/ Pazo Math (D.Puga, WaS) 
\symupright=\mathgroup4
)
(c:/texlive/2025/texmf-dist/tex/latex/amsmath/amsmath.sty
Package: amsmath 2025/06/16 v2.17y AMS math features
\@mathmargin=\skip58

For additional information on amsmath, use the `?' option.
(c:/texlive/2025/texmf-dist/tex/latex/amsmath/amsbsy.sty
Package: amsbsy 1999/11/29 v1.2d Bold Symbols
\pmbraise@=\dimen190
)
(c:/texlive/2025/texmf-dist/tex/latex/amsmath/amsopn.sty
Package: amsopn 2022/04/08 v2.04 operator names
)
\inf@bad=\count316
LaTeX Info: Redefining \frac on input line 233.
\uproot@=\count317
\leftroot@=\count318
LaTeX Info: Redefining \overline on input line 398.
LaTeX Info: Redefining \colon on input line 409.
\classnum@=\count319
\DOTSCASE@=\count320
LaTeX Info: Redefining \ldots on input line 495.
LaTeX Info: Redefining \dots on input line 498.
LaTeX Info: Redefining \cdots on input line 619.
\Mathstrutbox@=\box68
\strutbox@=\box69
LaTeX Info: Redefining \big on input line 721.
LaTeX Info: Redefining \Big on input line 722.
LaTeX Info: Redefining \bigg on input line 723.
LaTeX Info: Redefining \Bigg on input line 724.
\big@size=\dimen191
LaTeX Font Info:    Redeclaring font encoding OML on input line 742.
LaTeX Font Info:    Redeclaring font encoding OMS on input line 743.
\macc@depth=\count321
LaTeX Info: Redefining \bmod on input line 904.
LaTeX Info: Redefining \pmod on input line 909.
LaTeX Info: Redefining \smash on input line 939.
LaTeX Info: Redefining \relbar on input line 969.
LaTeX Info: Redefining \Relbar on input line 970.
\c@MaxMatrixCols=\count322
\dotsspace@=\muskip17
\c@parentequation=\count323
\dspbrk@lvl=\count324
\tag@help=\toks24
\row@=\count325
\column@=\count326
\maxfields@=\count327
\andhelp@=\toks25
\eqnshift@=\dimen192
\alignsep@=\dimen193
\tagshift@=\dimen194
\tagwidth@=\dimen195
\totwidth@=\dimen196
\lineht@=\dimen197
\@envbody=\toks26
\multlinegap=\skip59
\multlinetaggap=\skip60
\mathdisplay@stack=\toks27
LaTeX Info: Redefining \[ on input line 2949.
LaTeX Info: Redefining \] on input line 2950.
)
(c:/texlive/2025/texmf-dist/tex/latex/amsfonts/amssymb.sty
Package: amssymb 2013/01/14 v3.01 AMS font symbols

(c:/texlive/2025/texmf-dist/tex/latex/amsfonts/amsfonts.sty
Package: amsfonts 2013/01/14 v3.01 Basic AMSFonts support
\symAMSa=\mathgroup5
\symAMSb=\mathgroup6
LaTeX Font Info:    Redeclaring math symbol \hbar on input line 98.
LaTeX Font Info:    Overwriting math alphabet `\mathfrak' in version `bold'
(Font)                  U/euf/m/n --> U/euf/b/n on input line 106.
))
(c:/texlive/2025/texmf-dist/tex/latex/tools/tabularx.sty
Package: tabularx 2023/12/11 v2.12a `tabularx' package (DPC)
\TX@col@width=\dimen198
\TX@old@table=\dimen199
\TX@old@col=\dimen256
\TX@target=\dimen257
\TX@delta=\dimen258
\TX@cols=\count328
\TX@ftn=\toks28
)
(c:/texlive/2025/texmf-dist/tex/latex/graphics/rotating.sty
Package: rotating 2025/01/14 v2.16e rotated objects in LaTeX

(c:/texlive/2025/texmf-dist/tex/latex/base/ifthen.sty
Package: ifthen 2024/03/16 v1.1e Standard LaTeX ifthen package (DPC)
)
\c@r@tfl@t=\count329
\rotFPtop=\skip61
\rotFPbot=\skip62
\rot@float@box=\box70
\rot@mess@toks=\toks29
)
(c:/texlive/2025/texmf-dist/tex/latex/multirow/multirow.sty
Package: multirow 2024/11/12 v2.9 Span multiple rows of a table
\multirow@colwidth=\skip63
\multirow@cntb=\count330
\multirow@dima=\skip64
\bigstrutjot=\dimen259
)
(c:/texlive/2025/texmf-dist/tex/latex/makecell/makecell.sty
Package: makecell 2009/08/03 V0.1e Managing of Tab Column Heads and Cells
\rotheadsize=\dimen260
\c@nlinenum=\count331
\TeXr@lab=\toks30
)
(c:/texlive/2025/texmf-dist/tex/latex/adjustbox/adjustbox.sty
Package: adjustbox 2025/02/26 v1.3c Adjusting TeX boxes (trim, clip, ...)

(c:/texlive/2025/texmf-dist/tex/latex/xkeyval/xkeyval.sty
Package: xkeyval 2022/06/16 v2.9 package option processing (HA)

(c:/texlive/2025/texmf-dist/tex/generic/xkeyval/xkeyval.tex
(c:/texlive/2025/texmf-dist/tex/generic/xkeyval/xkvutils.tex
\XKV@toks=\toks31
\XKV@tempa@toks=\toks32
)
\XKV@depth=\count332
File: xkeyval.tex 2014/12/03 v2.7a key=value parser (HA)
))
(c:/texlive/2025/texmf-dist/tex/latex/adjustbox/adjcalc.sty
Package: adjcalc 2012/05/16 v1.1 Provides advanced setlength with multiple back
-ends (calc, etex, pgfmath)
)
(c:/texlive/2025/texmf-dist/tex/latex/adjustbox/trimclip.sty
Package: trimclip 2025/02/21 v1.2a Trim and clip general TeX material

(c:/texlive/2025/texmf-dist/tex/latex/collectbox/collectbox.sty
Package: collectbox 2022/10/17 v0.4c Collect macro arguments as boxes
\collectedbox=\box71
)
\tc@llx=\dimen261
\tc@lly=\dimen262
\tc@urx=\dimen263
\tc@ury=\dimen264
Package trimclip Info: Using driver 'tc-pdftex.def'.

(c:/texlive/2025/texmf-dist/tex/latex/adjustbox/tc-pdftex.def
File: tc-pdftex.def 2025/02/26 v2.3 Clipping driver for pdftex
))
\adjbox@Width=\dimen265
\adjbox@Height=\dimen266
\adjbox@Depth=\dimen267
\adjbox@Totalheight=\dimen268
\adjbox@pwidth=\dimen269
\adjbox@pheight=\dimen270
\adjbox@pdepth=\dimen271
\adjbox@ptotalheight=\dimen272

(c:/texlive/2025/texmf-dist/tex/latex/ifoddpage/ifoddpage.sty
Package: ifoddpage 2022/10/18 v1.2 Conditionals for odd/even page detection
\c@checkoddpage=\count333
)
(c:/texlive/2025/texmf-dist/tex/latex/varwidth/varwidth.sty
Package: varwidth 2009/03/30 ver 0.92;  Variable-width minipages
\@vwid@box=\box72
\sift@deathcycles=\count334
\@vwid@loff=\dimen273
\@vwid@roff=\dimen274
)
==> First Aid for varwidth.sty applied!
) (c:/texlive/2025/texmf-dist/tex/latex/algorithms/algorithm.sty
Package: algorithm 2009/08/24 v0.1 Document Style `algorithm' - floating enviro
nment

(c:/texlive/2025/texmf-dist/tex/latex/float/float.sty
Package: float 2001/11/08 v1.3d Float enhancements (AL)
\c@float@type=\count335
\float@exts=\toks33
\float@box=\box73
\@float@everytoks=\toks34
\@floatcapt=\box74
)
(c:/texlive/2025/texmf-dist/tex/latex/floatbytocbasic/floatbytocbasic.sty
Package: floatbytocbasic 2023-08-16 v1.0 improved float package using tocbasic

(c:/texlive/2025/texmf-dist/tex/latex/koma-script/tocbasic.sty
Package: tocbasic 2025/09/09 v3.48 KOMA-Script package (handling toc-files)
\scr@dte@tocline@numberwidth=\skip65
\scr@dte@tocline@numbox=\box75
)
(c:/texlive/2025/texmf-dist/tex/latex/xpatch/xpatch.sty
Package: xpatch 2020/03/25 v0.3a Extending etoolbox patching commands
))
Package tocbasic Info: setting babel extension for `loa' on input line 96.
\@float@every@algorithm=\toks35
\c@algorithm=\count336
)
(c:/texlive/2025/texmf-dist/tex/latex/algorithmicx/algpseudocode.sty
Package: algpseudocode 

(c:/texlive/2025/texmf-dist/tex/latex/algorithmicx/algorithmicx.sty
Package: algorithmicx 2005/04/27 v1.2 Algorithmicx

Document Style algorithmicx 1.2 - a greatly improved `algorithmic' style
\c@ALG@line=\count337
\c@ALG@rem=\count338
\c@ALG@nested=\count339
\ALG@tlm=\skip66
\ALG@thistlm=\skip67
\c@ALG@Lnr=\count340
\c@ALG@blocknr=\count341
\c@ALG@storecount=\count342
\c@ALG@tmpcounter=\count343
\ALG@tmplength=\skip68
)
Document Style - pseudocode environments for use with the `algorithmicx' style
) (c:/texlive/2025/texmf-dist/tex/latex/biblatex/biblatex.sty
Package: biblatex 2025/07/10 v3.21 programmable bibliographies (PK/MW)

(c:/texlive/2025/texmf-dist/tex/latex/kvoptions/kvoptions.sty
Package: kvoptions 2022-06-15 v3.15 Key value format for package options (HO)

(c:/texlive/2025/texmf-dist/tex/latex/kvsetkeys/kvsetkeys.sty
Package: kvsetkeys 2022-10-05 v1.19 Key value parser (HO)
))
(c:/texlive/2025/texmf-dist/tex/latex/logreq/logreq.sty
Package: logreq 2010/08/04 v1.0 xml request logger
\lrq@indent=\count344

(c:/texlive/2025/texmf-dist/tex/latex/logreq/logreq.def
File: logreq.def 2010/08/04 v1.0 logreq spec v1.0
))
(c:/texlive/2025/texmf-dist/tex/latex/url/url.sty
\Urlmuskip=\muskip18
Package: url 2013/09/16  ver 3.4  Verb mode for urls, etc.
)
\c@tabx@nest=\count345
\c@listtotal=\count346
\c@listcount=\count347
\c@liststart=\count348
\c@liststop=\count349
\c@citecount=\count350
\c@citetotal=\count351
\c@multicitecount=\count352
\c@multicitetotal=\count353
\c@instcount=\count354
\c@maxnames=\count355
\c@minnames=\count356
\c@maxitems=\count357
\c@minitems=\count358
\c@citecounter=\count359
\c@maxcitecounter=\count360
\c@savedcitecounter=\count361
\c@uniquelist=\count362
\c@uniquename=\count363
\c@refsection=\count364
\c@refsegment=\count365
\c@maxextratitle=\count366
\c@maxextratitleyear=\count367
\c@maxextraname=\count368
\c@maxextradate=\count369
\c@maxextraalpha=\count370
\c@abbrvpenalty=\count371
\c@highnamepenalty=\count372
\c@lownamepenalty=\count373
\c@maxparens=\count374
\c@parenlevel=\count375
\blx@tempcnta=\count376
\blx@tempcntb=\count377
\blx@tempcntc=\count378
\c@blx@maxsection=\count379
\blx@maxsegment@0=\count380
\blx@notetype=\count381
\blx@parenlevel@text=\count382
\blx@parenlevel@foot=\count383
\blx@sectionciteorder@0=\count384
\blx@sectionciteorderinternal@0=\count385
\blx@entrysetcounter=\count386
\blx@biblioinstance=\count387
\labelnumberwidth=\skip69
\labelalphawidth=\skip70
\biblabelsep=\skip71
\bibitemsep=\skip72
\bibnamesep=\skip73
\bibinitsep=\skip74
\bibparsep=\skip75
\bibhang=\skip76
\blx@bcfin=\read3
\blx@bcfout=\write3
\blx@langwohyphens=\language91
\c@mincomprange=\count388
\c@maxcomprange=\count389
\c@mincompwidth=\count390
Package biblatex Info: Trying to load biblatex default data model...
Package biblatex Info: ... file 'blx-dm.def' found.

(c:/texlive/2025/texmf-dist/tex/latex/biblatex/blx-dm.def
File: blx-dm.def 2025/07/10 v3.21 biblatex datamodel (PK/MW)
)
Package biblatex Info: Trying to load biblatex style data model...
Package biblatex Info: ... file 'authoryear.dbx' not found.
Package biblatex Info: Trying to load biblatex custom data model...
Package biblatex Info: ... file 'biblatex-dm.cfg' not found.
\c@afterword=\count391
\c@savedafterword=\count392
\c@annotator=\count393
\c@savedannotator=\count394
\c@author=\count395
\c@savedauthor=\count396
\c@bookauthor=\count397
\c@savedbookauthor=\count398
\c@commentator=\count399
\c@savedcommentator=\count400
\c@editor=\count401
\c@savededitor=\count402
\c@editora=\count403
\c@savededitora=\count404
\c@editorb=\count405
\c@savededitorb=\count406
\c@editorc=\count407
\c@savededitorc=\count408
\c@foreword=\count409
\c@savedforeword=\count410
\c@holder=\count411
\c@savedholder=\count412
\c@introduction=\count413
\c@savedintroduction=\count414
\c@namea=\count415
\c@savednamea=\count416
\c@nameb=\count417
\c@savednameb=\count418
\c@namec=\count419
\c@savednamec=\count420
\c@translator=\count421
\c@savedtranslator=\count422
\c@shortauthor=\count423
\c@savedshortauthor=\count424
\c@shorteditor=\count425
\c@savedshorteditor=\count426
\c@labelname=\count427
\c@savedlabelname=\count428
\c@institution=\count429
\c@savedinstitution=\count430
\c@lista=\count431
\c@savedlista=\count432
\c@listb=\count433
\c@savedlistb=\count434
\c@listc=\count435
\c@savedlistc=\count436
\c@listd=\count437
\c@savedlistd=\count438
\c@liste=\count439
\c@savedliste=\count440
\c@listf=\count441
\c@savedlistf=\count442
\c@location=\count443
\c@savedlocation=\count444
\c@organization=\count445
\c@savedorganization=\count446
\c@origlocation=\count447
\c@savedoriglocation=\count448
\c@origpublisher=\count449
\c@savedorigpublisher=\count450
\c@publisher=\count451
\c@savedpublisher=\count452
\c@language=\count453
\c@savedlanguage=\count454
\c@origlanguage=\count455
\c@savedoriglanguage=\count456
\c@pageref=\count457
\c@savedpageref=\count458
\shorthandwidth=\skip77
\shortjournalwidth=\skip78
\shortserieswidth=\skip79
\shorttitlewidth=\skip80
\shortauthorwidth=\skip81
\shorteditorwidth=\skip82
\locallabelnumberwidth=\skip83
\locallabelalphawidth=\skip84
\localshorthandwidth=\skip85
\localshortjournalwidth=\skip86
\localshortserieswidth=\skip87
\localshorttitlewidth=\skip88
\localshortauthorwidth=\skip89
\localshorteditorwidth=\skip90
Package biblatex Info: Trying to load compatibility code...
Package biblatex Info: ... file 'blx-compat.def' found.

(c:/texlive/2025/texmf-dist/tex/latex/biblatex/blx-compat.def
File: blx-compat.def 2025/07/10 v3.21 biblatex compatibility (PK/MW)
)
Package biblatex Info: Trying to load generic definitions...
Package biblatex Info: ... file 'biblatex.def' found.

(c:/texlive/2025/texmf-dist/tex/latex/biblatex/biblatex.def
File: biblatex.def 2025/07/10 v3.21 biblatex compatibility (PK/MW)
\c@textcitecount=\count459
\c@textcitetotal=\count460
\c@textcitemaxnames=\count461
\c@biburlbigbreakpenalty=\count462
\c@biburlbreakpenalty=\count463
\c@biburlnumpenalty=\count464
\c@biburlucpenalty=\count465
\c@biburllcpenalty=\count466
\biburlbigskip=\muskip19
\biburlnumskip=\muskip20
\biburlucskip=\muskip21
\biburllcskip=\muskip22
\c@smartand=\count467
)
Package biblatex Info: Trying to load natbib compatibility...
Package biblatex Info: ... file 'blx-natbib.def' found.

(c:/texlive/2025/texmf-dist/tex/latex/biblatex/blx-natbib.def
File: blx-natbib.def 2025/07/10 v3.21 biblatex compatibility (PK/MW)
Package biblatex Info: Delimiter 'nameyeardelim' in context '' already defined,
 overwriting.
)
Package biblatex Info: Trying to load bibliography style 'authoryear'...
Package biblatex Info: ... file 'authoryear.bbx' found.

(c:/texlive/2025/texmf-dist/tex/latex/biblatex/bbx/authoryear.bbx
File: authoryear.bbx 2025/07/10 v3.21 biblatex bibliography style (PK/MW)
Package biblatex Info: Trying to load bibliography style 'standard'...
Package biblatex Info: ... file 'standard.bbx' found.

(c:/texlive/2025/texmf-dist/tex/latex/biblatex/bbx/standard.bbx
File: standard.bbx 2025/07/10 v3.21 biblatex bibliography style (PK/MW)
\c@bbx:relatedcount=\count468
\c@bbx:relatedtotal=\count469
))
Package biblatex Info: Trying to load citation style 'authoryear'...
Package biblatex Info: ... file 'authoryear.cbx' found.

(c:/texlive/2025/texmf-dist/tex/latex/biblatex/cbx/authoryear.cbx
File: authoryear.cbx 2025/07/10 v3.21 biblatex citation style (PK/MW)
Package biblatex Info: Redefining '\cite'.
Package biblatex Info: Redefining '\parencite'.
Package biblatex Info: Redefining '\footcite'.
Package biblatex Info: Redefining '\footcitetext'.
Package biblatex Info: Redefining '\smartcite'.
Package biblatex Info: Redefining '\textcite'.
Package biblatex Info: Redefining '\textcites'.
)
Package biblatex Info: Trying to load configuration file...
Package biblatex Info: ... file 'biblatex.cfg' found.

(c:/texlive/2025/texmf-dist/tex/latex/biblatex/biblatex.cfg
File: biblatex.cfg 
)
Package biblatex Info: Input encoding 'utf8' detected.
Package biblatex Info: Document encoding is UTF8 ....
Package biblatex Info: ... and expl3
(biblatex)             2025-09-02 L3 programming layer (loader) 
(biblatex)             is new enough (at least 2020/04/06),
(biblatex)             setting 'casechanger=expl3'.

(c:/texlive/2025/texmf-dist/tex/latex/biblatex/blx-case-expl3.sty
Package: blx-case-expl3 2025/07/10 v3.21 expl3 case changing code for biblatex
))
(c:/texlive/2025/texmf-dist/tex/latex/csquotes/csquotes.sty
Package: csquotes 2024-04-04 v5.2o context-sensitive quotations (JAW)
\csq@reset=\count470
\csq@gtype=\count471
\csq@glevel=\count472
\csq@qlevel=\count473
\csq@maxlvl=\count474
\csq@tshold=\count475
\csq@ltx@everypar=\toks36

(c:/texlive/2025/texmf-dist/tex/latex/csquotes/csquotes.def
File: csquotes.def 2024-04-04 v5.2o csquotes generic definitions (JAW)
)
Package csquotes Info: Trying to load configuration file 'csquotes.cfg'...
Package csquotes Info: ... configuration file loaded successfully.

(c:/texlive/2025/texmf-dist/tex/latex/csquotes/csquotes.cfg
File: csquotes.cfg 
)
Package csquotes Info: Enabling multilingual quotes.
)
(c:/texlive/2025/texmf-dist/tex/latex/hyperref/hyperref.sty
Package: hyperref 2025-07-12 v7.01o Hypertext links for LaTeX

(c:/texlive/2025/texmf-dist/tex/generic/kvdefinekeys/kvdefinekeys.sty
Package: kvdefinekeys 2019-12-19 v1.6 Define keys (HO)
)
(c:/texlive/2025/texmf-dist/tex/generic/pdfescape/pdfescape.sty
Package: pdfescape 2019/12/09 v1.15 Implements pdfTeX's escape features (HO)
)
(c:/texlive/2025/texmf-dist/tex/latex/hycolor/hycolor.sty
Package: hycolor 2020-01-27 v1.10 Color options for hyperref/bookmark (HO)
)
(c:/texlive/2025/texmf-dist/tex/latex/hyperref/nameref.sty
Package: nameref 2025-06-21 v2.57 Cross-referencing by name of section

(c:/texlive/2025/texmf-dist/tex/latex/refcount/refcount.sty
Package: refcount 2019/12/15 v3.6 Data extraction from label references (HO)
)
(c:/texlive/2025/texmf-dist/tex/generic/gettitlestring/gettitlestring.sty
Package: gettitlestring 2019/12/15 v1.6 Cleanup title references (HO)
)
\c@section@level=\count476
)
(c:/texlive/2025/texmf-dist/tex/generic/stringenc/stringenc.sty
Package: stringenc 2019/11/29 v1.12 Convert strings between diff. encodings (HO
)
)
\@linkdim=\dimen275
\Hy@linkcounter=\count477
\Hy@pagecounter=\count478

(c:/texlive/2025/texmf-dist/tex/latex/hyperref/pd1enc.def
File: pd1enc.def 2025-07-12 v7.01o Hyperref: PDFDocEncoding definition (HO)
Now handling font encoding PD1 ...
... no UTF-8 mapping file for font encoding PD1
)
(c:/texlive/2025/texmf-dist/tex/generic/intcalc/intcalc.sty
Package: intcalc 2019/12/15 v1.3 Expandable calculations with integers (HO)
)
\Hy@SavedSpaceFactor=\count479

(c:/texlive/2025/texmf-dist/tex/latex/hyperref/puenc.def
File: puenc.def 2025-07-12 v7.01o Hyperref: PDF Unicode definition (HO)
Now handling font encoding PU ...
... no UTF-8 mapping file for font encoding PU
)
Package hyperref Info: Hyper figures OFF on input line 4195.
Package hyperref Info: Link nesting OFF on input line 4200.
Package hyperref Info: Hyper index ON on input line 4203.
Package hyperref Info: Plain pages OFF on input line 4210.
Package hyperref Info: Backreferencing OFF on input line 4215.
Package hyperref Info: Implicit mode ON; LaTeX internals redefined.
Package hyperref Info: Bookmarks ON on input line 4462.
\c@Hy@tempcnt=\count480
LaTeX Info: Redefining \url on input line 4801.
\XeTeXLinkMargin=\dimen276

(c:/texlive/2025/texmf-dist/tex/generic/bitset/bitset.sty
Package: bitset 2019/12/09 v1.3 Handle bit-vector datatype (HO)

(c:/texlive/2025/texmf-dist/tex/generic/bigintcalc/bigintcalc.sty
Package: bigintcalc 2019/12/15 v1.5 Expandable calculations on big integers (HO
)
))
\Fld@menulength=\count481
\Field@Width=\dimen277
\Fld@charsize=\dimen278
Package hyperref Info: Hyper figures OFF on input line 6078.
Package hyperref Info: Link nesting OFF on input line 6083.
Package hyperref Info: Hyper index ON on input line 6086.
Package hyperref Info: backreferencing OFF on input line 6093.
Package hyperref Info: Link coloring OFF on input line 6098.
Package hyperref Info: Link coloring with OCG OFF on input line 6103.
Package hyperref Info: PDF/A mode OFF on input line 6108.
\Hy@abspage=\count482
\c@Item=\count483
\c@Hfootnote=\count484
)
Package hyperref Info: Driver (autodetected): hpdftex.

(c:/texlive/2025/texmf-dist/tex/latex/hyperref/hpdftex.def
File: hpdftex.def 2025-07-12 v7.01o Hyperref driver for pdfTeX
\Fld@listcount=\count485
\c@bookmark@seq@number=\count486

(c:/texlive/2025/texmf-dist/tex/latex/rerunfilecheck/rerunfilecheck.sty
Package: rerunfilecheck 2025-06-21 v1.11 Rerun checks for auxiliary files (HO)

(c:/texlive/2025/texmf-dist/tex/generic/uniquecounter/uniquecounter.sty
Package: uniquecounter 2019/12/15 v1.4 Provide unlimited unique counter (HO)
)
Package uniquecounter Info: New unique counter `rerunfilecheck' on input line 2
84.
)
\Hy@SectionHShift=\skip91
)
Package hyperref Info: Option `bookmarksopen' set `true' on input line 106.
Package hyperref Info: Option `hypertexnames' set `false' on input line 106.
Package hyperref Info: Option `colorlinks' set `true' on input line 106.
Package hyperref Info: Option `unicode' set `true' on input line 106.
Package hyperref Info: Option `breaklinks' set `true' on input line 106.
Package csquotes Info: Checking for multilingual support...
Package csquotes Info: ... found 'babel' package.
LaTeX Font Info:    Trying to load font information for T1+ppl on input line 10
6.

(c:/texlive/2025/texmf-dist/tex/latex/psnfss/t1ppl.fd
File: t1ppl.fd 2001/06/04 font definitions for T1/ppl.
) (./main.aux
(./Chapters/Chapter1.aux) (./Chapters/Chapter2.aux) (./Chapters/Chapter3.aux)
(./Chapters/Chapter4.aux

LaTeX Warning: Label `eq:special' multiply defined.


LaTeX Warning: Label `eq:special' multiply defined.

) (./Chapters/Chapter5.aux) (./Appendices/AppendixB.aux)
(./Appendices/AppendixC.aux))
\openout1 = `main.aux'.

LaTeX Font Info:    Checking defaults for OML/cmm/m/it on input line 106.
LaTeX Font Info:    ... okay on input line 106.
LaTeX Font Info:    Checking defaults for OMS/cmsy/m/n on input line 106.
LaTeX Font Info:    ... okay on input line 106.
LaTeX Font Info:    Checking defaults for OT1/cmr/m/n on input line 106.
LaTeX Font Info:    ... okay on input line 106.
LaTeX Font Info:    Checking defaults for T1/cmr/m/n on input line 106.
LaTeX Font Info:    ... okay on input line 106.
LaTeX Font Info:    Checking defaults for TS1/cmr/m/n on input line 106.
LaTeX Font Info:    ... okay on input line 106.
LaTeX Font Info:    Checking defaults for OMX/cmex/m/n on input line 106.
LaTeX Font Info:    ... okay on input line 106.
LaTeX Font Info:    Checking defaults for U/cmr/m/n on input line 106.
LaTeX Font Info:    ... okay on input line 106.
LaTeX Font Info:    Checking defaults for PD1/pdf/m/n on input line 106.
LaTeX Font Info:    ... okay on input line 106.
LaTeX Font Info:    Checking defaults for PU/pdf/m/n on input line 106.
LaTeX Font Info:    ... okay on input line 106.

(c:/texlive/2025/texmf-dist/tex/latex/translations/translations-basic-dictionar
y-english.trsl
File: translations-basic-dictionary-english.trsl (english translation file `tra
nslations-basic-dictionary')
)
Package translations Info: loading dictionary `translations-basic-dictionary' f
or `english'. on input line 106.
 (c:/texlive/2025/texmf-dist/tex/context/base/mkii/supp-pdf.mkii
[Loading MPS to PDF converter (version 2006.09.02).]
\scratchcounter=\count487
\scratchdimen=\dimen279
\scratchbox=\box76
\nofMPsegments=\count488
\nofMParguments=\count489
\everyMPshowfont=\toks37
\MPscratchCnt=\count490
\MPscratchDim=\dimen280
\MPnumerator=\count491
\makeMPintoPDFobject=\count492
\everyMPtoPDFconversion=\toks38
) (c:/texlive/2025/texmf-dist/tex/latex/epstopdf-pkg/epstopdf-base.sty
Package: epstopdf-base 2020-01-24 v2.11 Base part for package epstopdf
Package epstopdf-base Info: Redefining graphics rule for `.eps' on input line 4
85.

(c:/texlive/2025/texmf-dist/tex/latex/latexconfig/epstopdf-sys.cfg
File: epstopdf-sys.cfg 2010/07/13 v1.3 Configuration of (r)epstopdf for TeX Liv
e
))
Package caption Info: Begin \AtBeginDocument code.
Package caption Info: float package is loaded.
Package caption Info: hyperref package is loaded.
Package caption Info: rotating package is loaded.
Package caption Info: End \AtBeginDocument code.

*geometry* driver: auto-detecting
*geometry* detected driver: pdftex
*geometry* verbose mode - [ preamble ] result:
* driver: pdftex
* paper: a4paper
* layout: <same size as paper>
* layoutoffset:(h,v)=(0.0pt,0.0pt)
* bindingoffset: 14.22636pt
* modes: includehead includefoot twoside 
* h-part:(L,W,R)=(71.13188pt, 426.79137pt, 85.35826pt)
* v-part:(T,H,B)=(42.67912pt, 759.6886pt, 42.67912pt)
* \paperwidth=597.50787pt
* \paperheight=845.04684pt
* \textwidth=426.79137pt
* \textheight=689.15318pt
* \oddsidemargin=13.08826pt
* \evensidemargin=13.08827pt
* \topmargin=-29.59087pt
* \headheight=20.66162pt
* \headsep=19.8738pt
* \topskip=12.0pt
* \footskip=30.0pt
* \marginparwidth=98.0pt
* \marginparsep=7.0pt
* \columnsep=10.0pt
* \skip\footins=10.8pt plus 4.0pt minus 2.0pt
* \hoffset=0.0pt
* \voffset=0.0pt
* \mag=1000
* \@twocolumnfalse
* \@twosidetrue
* \@mparswitchtrue
* \@reversemarginfalse
* (1in=72.27pt=25.4mm, 1cm=28.453pt)

Package scrbase Info: activating english \abbrevname on input line 106.
Package scrbase Info: activating english \byname on input line 106.
Package scrbase Info: activating english \acknowledgementname on input line 106
.
Package scrbase Info: activating english \authorshipname on input line 106.
Package scrbase Info: activating english \constantsname on input line 106.
Package scrbase Info: activating english \symbolsname on input line 106.
Package biblatex Info: Trying to load language 'english'...
Package biblatex Info: ... file 'english.lbx' found.
(c:/texlive/2025/texmf-dist/tex/latex/biblatex/lbx/english.lbx
File: english.lbx 2025/07/10 v3.21 biblatex localization (PK/MW)
)
Package biblatex Info: Input encoding 'utf8' detected.
Package biblatex Info: Automatic encoding selection.
(biblatex)             Assuming data encoding 'utf8'.
\openout3 = `main.bcf'.

Package biblatex Info: Trying to load bibliographic data...
Package biblatex Info: ... file 'main.bbl' found.
 (./main.bbl

Package biblatex Warning: Biber reported the following issues
(biblatex)                with 'Cheng2018':
(biblatex)                - inproceedings entry 'Cheng2018' (example.bib): Inva
lid format '24--27 June 2018' of date field 'date' - ignoring.


Package biblatex Warning: Biber reported the following issues
(biblatex)                with 'Forestier2017':
(biblatex)                - inproceedings entry 'Forestier2017' (example.bib): 
Invalid format '9--12 December 2017' of date field 'date' - ignoring.


Package biblatex Warning: Biber reported the following issues
(biblatex)                with 'FridAdar2018':
(biblatex)                - inproceedings entry 'FridAdar2018' (example.bib): I
nvalid format '4--7 April 2018' of date field 'date' - ignoring.


Package biblatex Warning: Biber reported the following issues
(biblatex)                with 'Karita2019':
(biblatex)                - inproceedings entry 'Karita2019' (example.bib): Inv
alid format '12--17 May 2019' of date field 'date' - ignoring.


Package biblatex Warning: Biber reported the following issues
(biblatex)                with 'Leznik2021':
(biblatex)                - inproceedings entry 'Leznik2021' (example.bib): Inv
alid format '19--23 April 2021' of date field 'date' - ignoring.


Package biblatex Warning: Biber reported the following issues
(biblatex)                with 'Parmar2021':
(biblatex)                - inproceedings entry 'Parmar2021' (example.bib): Inv
alid format '20--25 June 2021' of date field 'date' - ignoring.

)
Package biblatex Info: Reference section=0 on input line 106.
Package biblatex Info: Reference segment=0 on input line 106.
Package hyperref Info: Link coloring ON on input line 106.
 (./main.out) (./main.out)
\@outlinefile=\write4
\openout4 = `main.out'.



[1



{c:/texlive/2025/texmf-var/fonts/map/pdftex/updmap/pdftex.map}{c:/texlive/2025/
texmf-dist/fonts/enc/dvips/base/8r.enc}]

[2

]
--------------------
 Declaration of Authorship
--------------------
LaTeX Font Info:    Trying to load font information for TS1+ppl on input line 1
64.
(c:/texlive/2025/texmf-dist/tex/latex/psnfss/ts1ppl.fd
File: ts1ppl.fd 2001/06/04 font definitions for TS1/ppl.
)
Underfull \hbox (badness 10000) in paragraph at lines 169--170

 []



LaTeX Font Info:    Trying to load font information for OT1+ppl on input line 1
79.
(c:/texlive/2025/texmf-dist/tex/latex/psnfss/ot1ppl.fd
File: ot1ppl.fd 2001/06/04 font definitions for OT1/ppl.
)
LaTeX Font Info:    Trying to load font information for OML+zplm on input line 
179.

(c:/texlive/2025/texmf-dist/tex/latex/psnfss/omlzplm.fd
File: omlzplm.fd 2002/09/08 Fontinst v1.914 font definitions for OML/zplm.
)
LaTeX Font Info:    Trying to load font information for OMS+zplm on input line 
179.

(c:/texlive/2025/texmf-dist/tex/latex/psnfss/omszplm.fd
File: omszplm.fd 2002/09/08 Fontinst v1.914 font definitions for OMS/zplm.
)
LaTeX Font Info:    Trying to load font information for OMX+zplm on input line 
179.

(c:/texlive/2025/texmf-dist/tex/latex/psnfss/omxzplm.fd
File: omxzplm.fd 2002/09/08 Fontinst v1.914 font definitions for OMX/zplm.
)
LaTeX Font Info:    Trying to load font information for OT1+zplm on input line 
179.

(c:/texlive/2025/texmf-dist/tex/latex/psnfss/ot1zplm.fd
File: ot1zplm.fd 2002/09/08 Fontinst v1.914 font definitions for OT1/zplm.
)
LaTeX Font Info:    Font shape `U/msa/m/n' will be
(Font)              scaled to size 12.50409pt on input line 179.
LaTeX Font Info:    Font shape `U/msa/m/n' will be
(Font)              scaled to size 9.37807pt on input line 179.
LaTeX Font Info:    Font shape `U/msa/m/n' will be
(Font)              scaled to size 7.29405pt on input line 179.
LaTeX Font Info:    Font shape `U/msb/m/n' will be
(Font)              scaled to size 12.50409pt on input line 179.
LaTeX Font Info:    Font shape `U/msb/m/n' will be
(Font)              scaled to size 9.37807pt on input line 179.
LaTeX Font Info:    Font shape `U/msb/m/n' will be
(Font)              scaled to size 7.29405pt on input line 179.
 [3]

[4

]
--------------------
 Abstract
--------------------

Overfull \hbox (4.60294pt too wide) in paragraph at lines 199--200
\T1/ppl/m/n/12 adap-tively par-ti-tions gene ex-pres-sion ranges into mul-ti-pl
e information-preserving
 []


Overfull \hbox (29.7082pt too wide) in paragraph at lines 201--202
\T1/ppl/m/n/12 pro-posed frame-work lever-ages a scal-able parameter-sharing me
ch-a-nism and structure-
 []


Overfull \hbox (0.2571pt too wide) in paragraph at lines 205--206
[]\T1/ppl/m/n/12 Together, these three com-po-nents form a co-her-ent strat-egy
 for ad-vanc-ing GRN
 []



[5

]

[6]
--------------------
 Acknowledgements
--------------------


[7

]

[8

] (./main.toc

[9]

[10]
Overfull \hbox (34.13637pt too wide) in paragraph at lines 89--89
 [][] [][][]\T1/ppl/m/n/12 Algorithm for Syn-thetic Dataset Gen-er-a-tion Based
 on the Barabási^^UAlbert 
 []

)
\tf@toc=\write5
\openout5 = `main.toc'.



[11]

[12

] (./main.lof
Overfull \hbox (8.74496pt too wide) in paragraph at lines 4--4
 \T1/ppl/m/n/12 into a dis-cretized ex-pres-sion dataset through the K-means di
s-cretiza- 
 []


Overfull \hbox (2.72012pt too wide) in paragraph at lines 5--5
 \T1/ppl/m/n/12 real-valued gene ex-pres-sion lev-els prior to dis-cretiza-tion
, high-light- 
 []


Overfull \hbox (7.12614pt too wide) in paragraph at lines 7--7
 \OML/zplm/m/it/12 S \OT1/zplm/m/n/12 = \OMS/zplm/m/n/12 f\OML/zplm/m/it/12 s[]
\OT1/ppl/m/n/12 , \OML/zplm/m/it/12 s[]\OT1/ppl/m/n/12 , [] , \OML/zplm/m/it/12
 s[]\OMS/zplm/m/n/12 g$ \T1/ppl/m/n/12 is the set of se-lected vari-ables such 
that $\OML/zplm/m/it/12 I\OT1/zplm/m/n/12 (\OML/zplm/m/it/12 v[]\OT1/ppl/m/n/12
 , \OML/zplm/m/it/12 s[]\OT1/zplm/m/n/12 ) \OMS/zplm/m/n/12 ^^U 
 []


Overfull \hbox (2.69727pt too wide) in paragraph at lines 11--11
 [][] [][][]\T1/ppl/m/n/12 Dynamical per-for-mance on the ran-dom real-valued n
et-works. Four 
 []



[13]

[14]

[15])
\tf@lof=\write6
\openout6 = `main.lof'.



[16] (./main.lot
Overfull \hbox (15.56139pt too wide) in paragraph at lines 23--23
 [][] [][][]\T1/ppl/m/n/12 Performance met-rics (mean \TS1/ppl/m/n/12 ± \T1/ppl
/m/n/12 stan-dard de-vi-a-tion) on Boolean datasets 
 []

)
\tf@lot=\write7
\openout7 = `main.lot'.



[17

]

[18]
--------------------
 Dedicatory
--------------------


[19

]

[20

]
\openout2 = `Chapters/Chapter1.aux'.

 (./Chapters/Chapter1.tex
Chapter 1.

Overfull \hbox (16.57925pt too wide) in paragraph at lines 19--20
\T1/ppl/m/n/12 form in-tri-cate reg-u-la-tory sys-tems in which tran-scrip-tion
 fac-tors, sig-nal-ing molecules,
 []


Overfull \hbox (0.38pt too wide) in paragraph at lines 19--20
\T1/ppl/m/n/12 and non-cod-ing RNAs co-or-di-nate to reg-u-late ex-pres-sion le
v-els dy-nam-i-cally. These
 []


Overfull \hbox (0.78783pt too wide) in paragraph at lines 19--20
\T1/ppl/m/n/12 com-plex in-ter-ac-tions are of-ten rep-re-sented as Gene Reg-u-
la-tory Net-works (GRNs),
 []



[1


]
Overfull \hbox (2.45436pt too wide) in paragraph at lines 45--46
[]\T1/ppl/m/n/12 Developing a mu-tual in-for-ma-tion^^Ubased mul-ti-ple level d
is-cretiza-tion frame-
 []



[2]

[3])

[4]
\openout2 = `Chapters/Chapter2.aux'.

 (./Chapters/Chapter2.tex
Chapter 2.

Overfull \hbox (13.68683pt too wide) in paragraph at lines 23--24
\T1/ppl/m/n/12 MIDNI con-sis-tently out-per-forms tra-di-tional dis-cretiza-tio
n tech-niques such as equal-
 []


Overfull \hbox (2.87627pt too wide) in paragraph at lines 23--24
\T1/ppl/m/n/12 width and equal fre-quency bin-ning. No-tably, im-prove-ments we
re ob-served across
 []



[5




]
Overfull \hbox (6.63188pt too wide) in paragraph at lines 37--38
\T1/ppl/m/n/12 have demon-strated promis-ing re-sults, their per-for-mance on r
eal bi-o-log-i-cal datasets
 []




Package scrlayer-scrpage Warning: \headheight to low.
(scrlayer-scrpage)                At least 28.99998pt needed,
(scrlayer-scrpage)                but only 20.66162pt found.
(scrlayer-scrpage)                I'll enlarge \headheight, for further
(scrlayer-scrpage)                processing, but you should do this yourself,
(scrlayer-scrpage)                e.g., setting geometry's option
(scrlayer-scrpage)                `head=28.99998pt'.
(scrlayer-scrpage)                I'll also decrease \topmargin on input line 4
3.


Overfull \vbox (8.33836pt too high) has occurred while \output is active []


[6]

[7]

[8]

[9]

[10]
Overfull \hbox (9.03487pt too wide) in paragraph at lines 96--97
\T1/ppl/m/n/12 tual in-for-ma-tion^^Ubased fea-ture se-lec-tion (MIFS) ap-proac
h ([]Bar-man and Y. K. Kwon,
 []



[11]
Overfull \hbox (12.84431pt too wide) in paragraph at lines 154--155
[]\T1/ppl/m/n/12 Precision quan-ti-fies the pro-por-tion of cor-rectly iden-ti-
fied reg-u-la-tory links among
 []



[12]

[13]
Overfull \hbox (2.2843pt too wide) in paragraph at lines 198--199
[]\T1/ppl/m/n/12 The in-put to MIDNI is a real-valued time-series gene ex-pres-
sion dataset, which
 []


Overfull \hbox (6.59187pt too wide) in paragraph at lines 204--205
[]\T1/ppl/m/n/12 By in-te-grat-ing adap-tive multi-level dis-cretiza-tion with 
an information-theoretic
 []


Overfull \hbox (2.34724pt too wide) in paragraph at lines 204--205
\T1/ppl/m/n/12 fea-ture se-lec-tion and re-fine-ment strat-egy, MIDNI pro-vides
 a bi-o-log-i-cally in-formed
 []

<Figures/chapter2_framework.png, id=905, 330.2739pt x 173.9298pt>
File: Figures/chapter2_framework.png Graphic file (type png)
<use Figures/chapter2_framework.png>
Package pdftex.def Info: Figures/chapter2_framework.png  used on input line 208
.
(pdftex.def)             Requested size: 426.79137pt x 224.77376pt.
LaTeX Font Info:    Font shape `U/msa/m/n' will be
(Font)              scaled to size 11.40997pt on input line 210.
LaTeX Font Info:    Font shape `U/msa/m/n' will be
(Font)              scaled to size 8.33606pt on input line 210.
LaTeX Font Info:    Font shape `U/msa/m/n' will be
(Font)              scaled to size 6.25204pt on input line 210.
LaTeX Font Info:    Font shape `U/msb/m/n' will be
(Font)              scaled to size 11.40997pt on input line 210.
LaTeX Font Info:    Font shape `U/msb/m/n' will be
(Font)              scaled to size 8.33606pt on input line 210.
LaTeX Font Info:    Font shape `U/msb/m/n' will be
(Font)              scaled to size 6.25204pt on input line 210.


[14]

[15 <./Figures/chapter2_framework.png>]
<Figures/chapter2_discretization.png, id=925, 963.6pt x 542.025pt>
File: Figures/chapter2_discretization.png Graphic file (type png)
<use Figures/chapter2_discretization.png>
Package pdftex.def Info: Figures/chapter2_discretization.png  used on input lin
e 240.
(pdftex.def)             Requested size: 426.79137pt x 240.06314pt.


[16 <./Figures/chapter2_discretization.png>]
<Figures/chapter2_mifs.png, id=935, 581.67313pt x 766.36313pt>
File: Figures/chapter2_mifs.png Graphic file (type png)
<use Figures/chapter2_mifs.png>
Package pdftex.def Info: Figures/chapter2_mifs.png  used on input line 269.
(pdftex.def)             Requested size: 426.79137pt x 562.31711pt.
<Figures/chapter2_swap.png, id=937, 675.02188pt x 870.25125pt>
File: Figures/chapter2_swap.png Graphic file (type png)
<use Figures/chapter2_swap.png>
Package pdftex.def Info: Figures/chapter2_swap.png  used on input line 279.
(pdftex.def)             Requested size: 426.79137pt x 550.23976pt.

Overfull \hbox (17.31322pt too wide) in paragraph at lines 305--322
 [][] 
 []



[17{c:/texlive/2025/texmf-dist/fonts/enc/dvips/cm-super/cm-super-t1.enc}]
<Figures/chapter2_case1_dynamics_performance.pdf, id=948, 844.65562pt x 596.980
32pt>
File: Figures/chapter2_case1_dynamics_performance.pdf Graphic file (type pdf)
<use Figures/chapter2_case1_dynamics_performance.pdf>
Package pdftex.def Info: Figures/chapter2_case1_dynamics_performance.pdf  used 
on input line 333.
(pdftex.def)             Requested size: 426.79137pt x 301.6503pt.
<Figures/chapter2_case1_incoming_links.pdf, id=949, 844.65562pt x 596.98032pt>
File: Figures/chapter2_case1_incoming_links.pdf Graphic file (type pdf)
<use Figures/chapter2_case1_incoming_links.pdf>
Package pdftex.def Info: Figures/chapter2_case1_incoming_links.pdf  used on inp
ut line 341.
(pdftex.def)             Requested size: 426.79137pt x 301.6503pt.


[18]
<Figures/chapter2_propotion.pdf, id=963, 844.65562pt x 596.98032pt>
File: Figures/chapter2_propotion.pdf Graphic file (type pdf)
<use Figures/chapter2_propotion.pdf>
Package pdftex.def Info: Figures/chapter2_propotion.pdf  used on input line 366
.
(pdftex.def)             Requested size: 426.79137pt x 301.6503pt.
<Figures/chapter2_structure_accuracy.png, id=965, 416.9979pt x 257.2812pt>
File: Figures/chapter2_structure_accuracy.png Graphic file (type png)
<use Figures/chapter2_structure_accuracy.png>
Package pdftex.def Info: Figures/chapter2_structure_accuracy.png  used on input
 line 382.
(pdftex.def)             Requested size: 426.79137pt x 263.33806pt.


[19]
<Figures/chapter2_dynamic_accuracy.pdf, id=975, 844.65562pt x 596.98032pt>
File: Figures/chapter2_dynamic_accuracy.pdf Graphic file (type pdf)
<use Figures/chapter2_dynamic_accuracy.pdf>
Package pdftex.def Info: Figures/chapter2_dynamic_accuracy.pdf  used on input l
ine 407.
(pdftex.def)             Requested size: 426.79137pt x 301.6503pt.

Underfull \hbox (badness 5217) in paragraph at lines 409--409
 []\T1/ppl/m/sc/10.95 Figure 2.9: |\T1/ppl/m/n/10.95 Dy-nam-i-cal per-for-mance
 on the ran-dom real- 
 []


Underfull \hbox (badness 4556) in paragraph at lines 409--409
 \T1/ppl/m/n/10.95 valued net-works. Four size groups of net-works ($\OMS/zplm/
m/n/10.95 j\OML/zplm/m/it/10.95 V\OMS/zplm/m/n/10.95 j \OT1/zplm/m/n/10.95 = 
 []

<Figures/chapter2_running_time.pdf, id=977, 844.65562pt x 596.98032pt>
File: Figures/chapter2_running_time.pdf Graphic file (type pdf)
<use Figures/chapter2_running_time.pdf>
Package pdftex.def Info: Figures/chapter2_running_time.pdf  used on input line 
435.
(pdftex.def)             Requested size: 426.79137pt x 301.6503pt.


[20]

[21])

[22]

[23 <./Figures/chapter2_mifs.png>]

[24 <./Figures/chapter2_swap.png>]

[25 <./Figures/chapter2_case1_dynamics_performance.pdf>]

[26 <./Figures/chapter2_case1_incoming_links.pdf>]

[27 <./Figures/chapter2_propotion.pdf>]

[28 <./Figures/chapter2_structure_accuracy.png>]

[29 <./Figures/chapter2_dynamic_accuracy.pdf>]

[30 <./Figures/chapter2_running_time.pdf>]
\openout2 = `Chapters/Chapter3.aux'.

 (./Chapters/Chapter3.tex
Chapter 3.


[31




]
Overfull \hbox (0.14836pt too wide) in paragraph at lines 27--28
[]\T1/ppl/m/n/12 Overall, this work demon-strates that re-fram-ing GRN in-fer-e
nce through a prin-
 []


Overfull \hbox (2.43163pt too wide) in paragraph at lines 30--31
\T1/ppl/m/n/12 as cell dif-fer-en-ti-a-tion, de-vel-op-ment, and cel-lu-lar re-
sponses to en-vi-ron-men-tal stim-
 []



[32]

[33]
Overfull \hbox (3.85892pt too wide) in paragraph at lines 48--49
\T1/ppl/m/n/12 all ac-tual pos-i-tives) across var-i-ous clas-si-fi-ca-tion thr
esh-olds. Un-like the ROC curve,
 []



[34]
LaTeX Font Info:    Trying to load font information for U+fplmbb on input line 
65.
 (c:/texlive/2025/texmf-dist/tex/latex/psnfss/ufplmbb.fd
File: ufplmbb.fd 2003/10/30 Fontinst v1.914 font definitions for U/fplmbb.
)

[35]

[36]
<Figures/chapter3_structure.png, id=1109, 963.6pt x 542.025pt>
File: Figures/chapter3_structure.png Graphic file (type png)
<use Figures/chapter3_structure.png>
Package pdftex.def Info: Figures/chapter3_structure.png  used on input line 87.

(pdftex.def)             Requested size: 448.13223pt x 252.0721pt.

Overfull \hbox (21.34087pt too wide) in paragraph at lines 87--90
 [][] 
 []

! Undefined control sequence.
<recently read> \botrule 
                         
l.136 \botrule
              
? 


[37 <./Figures/chapter3_structure.png>]

[38]
Overfull \hbox (6.69371pt too wide) in paragraph at lines 155--156
[]|[]|  
 []


Overfull \hbox (45.1413pt too wide) in paragraph at lines 162--163
[]|[]|  
 []


Overfull \hbox (10.36642pt too wide) in paragraph at lines 167--167
[]|\T1/ppl/m/n/12 0.3351/0.334|  
 []


Overfull \hbox (16.36642pt too wide) in paragraph at lines 167--167
[]|\T1/ppl/m/n/12 0.0483/0.0483|  
 []


Overfull \hbox (16.36642pt too wide) in paragraph at lines 167--168
[]|\T1/ppl/m/n/12 0.0234/0.0233|  
 []

! Undefined control sequence.
<recently read> \botrule 
                         
l.168 \botrule
              
? 


[39]

[40]
Overfull \hbox (6.69371pt too wide) in paragraph at lines 193--194
[]|[]|  
 []


Overfull \hbox (45.1413pt too wide) in paragraph at lines 200--201
[]|[]|  
 []


Overfull \hbox (4.36642pt too wide) in paragraph at lines 204--204
[]|\T1/ppl/m/n/12 0.98/0.0196|  
 []


Overfull \hbox (4.36642pt too wide) in paragraph at lines 205--205
[]|\T1/ppl/m/n/12 0.041/0.044|  
 []


Overfull \hbox (4.36642pt too wide) in paragraph at lines 205--206
[]|\T1/ppl/m/n/12 0.025/0.023|  
 []

! Undefined control sequence.
<recently read> \botrule 
                         
l.206 \botrule
              
? 
<Figures/chapter3_toys_single_size.png, id=1135, 578.16pt x 867.24pt>
File: Figures/chapter3_toys_single_size.png Graphic file (type png)
<use Figures/chapter3_toys_single_size.png>
Package pdftex.def Info: Figures/chapter3_toys_single_size.png  used on input l
ine 212.
(pdftex.def)             Requested size: 426.79137pt x 640.18608pt.

LaTeX Warning: Float too large for page by 29.03291pt on input line 215.

<Figures/chapter3_gwn_3.png, id=1136, 578.16pt x 867.24pt>
File: Figures/chapter3_gwn_3.png Graphic file (type png)
<use Figures/chapter3_gwn_3.png>
Package pdftex.def Info: Figures/chapter3_gwn_3.png  used on input line 219.
(pdftex.def)             Requested size: 426.79137pt x 640.18608pt.

LaTeX Warning: Float too large for page by 29.03291pt on input line 222.

<Figures/chapter3_gwn_training_size.png, id=1137, 578.16pt x 722.7pt>
File: Figures/chapter3_gwn_training_size.png Graphic file (type png)
<use Figures/chapter3_gwn_training_size.png>
Package pdftex.def Info: Figures/chapter3_gwn_training_size.png  used on input 
line 228.
(pdftex.def)             Requested size: 426.79137pt x 533.48837pt.

LaTeX Warning: Float too large for page by 58.33527pt on input line 232.

<Figures/chapter3_running_time.png, id=1138, 578.16pt x 867.24pt>
File: Figures/chapter3_running_time.png Graphic file (type png)
<use Figures/chapter3_running_time.png>
Package pdftex.def Info: Figures/chapter3_running_time.png  used on input line 
237.
(pdftex.def)             Requested size: 426.79137pt x 640.18608pt.

LaTeX Warning: Float too large for page by 56.23293pt on input line 239.



[41]

[42])

[43]

[44 <./Figures/chapter3_toys_single_size.png>]

[45 <./Figures/chapter3_gwn_3.png>]

[46 <./Figures/chapter3_gwn_training_size.png>]

[47 <./Figures/chapter3_running_time.png>]
\openout2 = `Chapters/Chapter4.aux'.

 (./Chapters/Chapter4.tex

[48




]
Chapter 4.


[49]
Overfull \hbox (20.213pt too wide) in paragraph at lines 27--28
[]\T1/ppl/m/n/12 In this study, we pro-pose a net-work in-fer-ence ap-proach in
-volv-ing an autoencoder-
 []



[50]

[51]
Overfull \hbox (0.86172pt too wide) in paragraph at lines 51--52
\T1/ppl/m/n/12 information-based Boolean net-work in-fer-ence method (MIBNI) ([
]Bar-man and Y. K.
 []



[52]
<Figures/chapter4_framework_v9.png, id=1309, 713.3049pt x 480.1137pt>
File: Figures/chapter4_framework_v9.png Graphic file (type png)
<use Figures/chapter4_framework_v9.png>
Package pdftex.def Info: Figures/chapter4_framework_v9.png  used on input line 
61.
(pdftex.def)             Requested size: 426.79137pt x 287.27191pt.

Overfull \hbox (11.99998pt too wide) in paragraph at lines 71--87
[][] 
 []



[53]

[54 <./Figures/chapter4_framework_v9.png>]
Overfull \hbox (7.7344pt too wide) in paragraph at lines 92--104
[][]
 []



[55]
<Figures/chapter4_triple_performance.png, id=1341, 1300.86pt x 722.7pt>
File: Figures/chapter4_triple_performance.png Graphic file (type png)
<use Figures/chapter4_triple_performance.png>
Package pdftex.def Info: Figures/chapter4_triple_performance.png  used on input
 line 121.
(pdftex.def)             Requested size: 426.79137pt x 237.10226pt.
<Figures/chapter4_bool_performance.png, id=1342, 1300.86pt x 722.7pt>
File: Figures/chapter4_bool_performance.png Graphic file (type png)
<use Figures/chapter4_bool_performance.png>
Package pdftex.def Info: Figures/chapter4_bool_performance.png  used on input l
ine 131.
(pdftex.def)             Requested size: 426.79137pt x 237.10226pt.


[56]

[57 <./Figures/chapter4_triple_performance.png>]

[58 <./Figures/chapter4_bool_performance.png>]
<Figures/chapter4_triple_dynamics.png, id=1373, 1300.86pt x 505.89pt>
File: Figures/chapter4_triple_dynamics.png Graphic file (type png)
<use Figures/chapter4_triple_dynamics.png>
Package pdftex.def Info: Figures/chapter4_triple_dynamics.png  used on input li
ne 145.
(pdftex.def)             Requested size: 426.79137pt x 165.97157pt.
<Figures/chapter4_bool_dynamics.png, id=1374, 1300.86pt x 505.89pt>
File: Figures/chapter4_bool_dynamics.png Graphic file (type png)
<use Figures/chapter4_bool_dynamics.png>
Package pdftex.def Info: Figures/chapter4_bool_dynamics.png  used on input line
 155.
(pdftex.def)             Requested size: 426.79137pt x 165.97157pt.
<Figures/chapter4_networks_distance_v2.png, id=1378, 1300.86pt x 650.43pt>
File: Figures/chapter4_networks_distance_v2.png Graphic file (type png)
<use Figures/chapter4_networks_distance_v2.png>
Package pdftex.def Info: Figures/chapter4_networks_distance_v2.png  used on inp
ut line 166.
(pdftex.def)             Requested size: 426.79137pt x 213.39204pt.


[59 <./Figures/chapter4_triple_dynamics.png>]

[60 <./Figures/chapter4_bool_dynamics.png>])

[61 <./Figures/chapter4_networks_distance_v2.png>]
\openout2 = `Chapters/Chapter5.aux'.

 (./Chapters/Chapter5.tex

[62




]
Chapter 5.


[63]
Overfull \hbox (4.75632pt too wide) in paragraph at lines 31--31
[]\T1/ppl/b/n/17.28 Cross-Method Dis-cus-sion and In-te-gra-tion of Find-
 []



[64]

[65]

[66]

[67]
Overfull \hbox (3.82364pt too wide) in paragraph at lines 69--70
\T1/ppl/m/n/12 proaches pro-posed in this the-sis, pri-mar-ily fo-cus on sta-ti
s-ti-cal de-pen-den-cies rather
 []


Overfull \hbox (7.20786pt too wide) in paragraph at lines 69--70
\T1/ppl/m/n/12 lim-i-ta-tion be-comes more pro-nounced when genes are in-di-rec
tly con-nected through
 []



[68]
Overfull \hbox (5.009pt too wide) in paragraph at lines 78--79
[]\T1/ppl/m/n/12 Extensive ex-per-i-ments on bench-mark datasets showed that th
e pro-posed meth-
 []



[69])

[70]
\openout2 = `Appendices/AppendixB.aux'.

 (./Appendices/AppendixB.tex
Appendix A.

Overfull \hbox (9.57727pt too wide) in paragraph at lines 7--7
[]\T1/ppl/b/n/17.28 Algorithm for Syn-thetic Dataset Gen-er-a-tion Based
 []

Package hyperref Info: bookmark level for unknown algorithm defaults to 0 on in
put line 11.

Overfull \hbox (5.06758pt too wide) in paragraph at lines 48--48
[]\T1/ppl/b/n/17.28 Detailed per-for-mance re-sults on the \T1/ppl/b/it/17.28 E
. coli \T1/ppl/b/n/17.28 dataset 
 []


Overfull \hbox (2.94812pt too wide) in paragraph at lines 57--117
 [][] 
 []


LaTeX Warning: `!h' float specifier changed to `!ht'.


Overfull \hbox (50.86765pt too wide) in paragraph at lines 126--188
 [][] 
 []


LaTeX Warning: `!h' float specifier changed to `!ht'.


Overfull \hbox (6.86761pt too wide) in paragraph at lines 201--248
 [][] 
 []


LaTeX Warning: `!h' float specifier changed to `!ht'.



[71




]

[72]

[73]

[74]

LaTeX Warning: `!h' float specifier changed to `!ht'.

)

[75

]

[76]
\openout2 = `Appendices/AppendixC.aux'.

 (./Appendices/AppendixC.tex
Appendix B.

Overfull \hbox (48.91315pt too wide) in paragraph at lines 11--66
 [][] 
 []


LaTeX Warning: `!h' float specifier changed to `!ht'.


Overfull \hbox (52.1131pt too wide) in paragraph at lines 75--120
 [][] 
 []


LaTeX Warning: `!h' float specifier changed to `!ht'.

)

[77




]

[78]

[79]

[80



]
Overfull \hbox (3.39241pt too wide) in paragraph at lines 315--315
\T1/ppl/m/it/12 IEEE/ACM trans-ac-tions on com-pu-ta-tional bi-ol-ogy and bioin
-for-mat-ics \T1/ppl/m/n/12 19.5, pp. 2794^^U
 []


Overfull \hbox (20.1283pt too wide) in paragraph at lines 315--315
\T1/ppl/m/n/12 pres-sion Pro-files^^Q. In: \T1/ppl/m/it/12 Ap-plied Sci-ences \
T1/ppl/m/n/12 13.21, p. 11902. \T1/ppl/m/sc/12 doi\T1/ppl/m/n/12 : [][]$\T1/cmt
t/m/n/12 10 . 3390 / app132111902$[][]\T1/ppl/m/n/12 . 
 []


Overfull \hbox (4.57869pt too wide) in paragraph at lines 315--315
[][]\T1/ppl/m/n/12 Barabási, A.-L. and R. Al-bert (2006). ^^P  Emer-gence of Sc
al-ing in Ran-dom Net-works^^Q.
 []


Overfull \hbox (0.77605pt too wide) in paragraph at lines 315--315
[][]\T1/ppl/m/n/12 Barman, S. and Y. K. Kwon (2020). ^^P  A neuro-evolution ap-
proach to in-fer a Boolean
 []


Overfull \hbox (9.94862pt too wide) in paragraph at lines 315--315
\T1/ppl/m/n/12 net-work from time-series gene ex-pres-sions^^Q. In: \T1/ppl/m/i
t/12 Bioin-for-mat-ics \T1/ppl/m/n/12 36.Sup-ple-ment_2,
 []



[81]
Overfull \hbox (16.76634pt too wide) in paragraph at lines 315--315
\T1/ppl/m/n/12 scrip-tomic ma-chin-ery us-ing an au-toen-coder model^^Q. In: \T
1/ppl/m/it/12 BMC Bioin-form. \T1/ppl/m/n/12 17.Suppl.
 []


Overfull \hbox (2.72505pt too wide) in paragraph at lines 315--315
\T1/ppl/m/n/12 tran-scrip-tional reg-u-la-tion from a com-pendium of ex-pres-si
on pro-files^^Q. In: \T1/ppl/m/it/12 PLoS
 []


Overfull \hbox (1.8424pt too wide) in paragraph at lines 315--315
[][]\T1/ppl/m/n/12 Faith, Jeremiah J. et al. (2007). ^^P  Large-Scale Map-ping 
and Val-i-da-tion of Es-cherichia
 []



[82]
Overfull \hbox (3.36661pt too wide) in paragraph at lines 315--315
\T1/ppl/m/it/12 IEEE In-ter-na-tional Con-fer-ence on Acous-tics, Speech and Si
g-nal Pro-cess-ing (ICASSP)\T1/ppl/m/n/12 .
 []



[83]
Overfull \hbox (6.64302pt too wide) in paragraph at lines 315--315
[][]\T1/ppl/m/n/12 Langfelder, Pe-ter and Steve Hor-vath (2008). ^^P  WGCNA: An
 R Pack-age for Weighted
 []


Overfull \hbox (21.94081pt too wide) in paragraph at lines 315--315
\T1/ppl/m/n/12 gene reg-u-la-tory net-works from time-series data^^Q. In: \T1/p
pl/m/it/12 Bioin-for-mat-ics \T1/ppl/m/n/12 23.21, pp. 2924^^U
 []


Overfull \hbox (3.62907pt too wide) in paragraph at lines 315--315
\T1/ppl/m/n/12 bin-ing dif-fer-en-tial equa-tion mod-els with lo-cal dy-namic B
ayesian net-work anal-
 []



[84]

[85]
Overfull \hbox (6.44652pt too wide) in paragraph at lines 315--315
[][]\T1/ppl/m/n/12 Schaffter, T., D. Mar-bach, and D. Flo-re-ano (2011). ^^P  G
eneNetWeaver: In sil-ico bench-
 []


Overfull \hbox (44.15704pt too wide) in paragraph at lines 315--315
\T1/ppl/m/n/12 In: \T1/ppl/m/it/12 Bioin-for-mat-ics \T1/ppl/m/n/12 27, pp. 226
3^^U2270. \T1/ppl/m/sc/12 url\T1/ppl/m/n/12 : [][]$\T1/cmtt/m/n/12 https : / / 
doi . org / 10 . 1093 / bioinformatics /
 []


Overfull \hbox (14.79102pt too wide) in paragraph at lines 315--315
[][]\T1/ppl/m/n/12 Wilczy«ski, Bartek and Nor-bert Do-jer (2009). ^^P  BN-Finde
r: Ex-act and Ef-fi-cient Method
 []



[86]

[87] (./main.aux (./Chapters/Chapter1.aux) (./Chapters/Chapter2.aux)
(./Chapters/Chapter3.aux) (./Chapters/Chapter4.aux) (./Chapters/Chapter5.aux)
(./Appendices/AppendixB.aux) (./Appendices/AppendixC.aux))
 ***********
LaTeX2e <2025-06-01> patch level 1
L3 programming layer <2020/03/25>
 ***********


LaTeX Warning: There were multiply-defined labels.

Package rerunfilecheck Info: File `main.out' has not changed.
(rerunfilecheck)             Checksum: 983C9320C2FD318C685A29FB2CD022EC;19114.
Package logreq Info: Writing requests to 'main.run.xml'.
\openout1 = `main.run.xml'.

 ) 
Here is how much of TeX's memory you used:
 33971 strings out of 467747
 728368 string characters out of 5431116
 1695804 words of memory out of 5000000
 61830 multiletter control sequences out of 15000+600000
 710438 words of font info for 202 fonts, out of 8000000 for 9000
 1141 hyphenation exceptions out of 8191
 96i,21n,94p,2937b,2880s stack positions out of 10000i,1000n,20000p,200000b,200000s
<c:/texlive/2025/texmf-dist/fonts/type1/public/amsfonts/cm/cmex10.pfb><c:/tex
live/2025/texmf-dist/fonts/type1/public/amsfonts/cm/cmmi10.pfb><c:/texlive/2025
/texmf-dist/fonts/type1/public/amsfonts/cm/cmr10.pfb><c:/texlive/2025/texmf-dis
t/fonts/type1/public/amsfonts/cm/cmsy10.pfb><c:/texlive/2025/texmf-dist/fonts/t
ype1/public/mathpazo/fplmbb.pfb><c:/texlive/2025/texmf-dist/fonts/type1/public/
mathpazo/fplmr.pfb><c:/texlive/2025/texmf-dist/fonts/type1/public/mathpazo/fplm
ri.pfb><c:/texlive/2025/texmf-dist/fonts/type1/public/cm-super/sftt1200.pfb><c:
/texlive/2025/texmf-dist/fonts/type1/urw/palatino/uplb8a.pfb><c:/texlive/2025/t
exmf-dist/fonts/type1/urw/palatino/uplbi8a.pfb><c:/texlive/2025/texmf-dist/font
s/type1/urw/palatino/uplr8a.pfb><c:/texlive/2025/texmf-dist/fonts/type1/urw/pal
atino/uplr8a.pfb><c:/texlive/2025/texmf-dist/fonts/type1/urw/palatino/uplri8a.p
fb>
Output written on main.pdf (107 pages, 5576457 bytes).
PDF statistics:
 1746 PDF objects out of 2073 (max. 8388607)
 1552 compressed objects within 16 object streams
 349 named destinations out of 1000 (max. 500000)
 842 words of extra memory for PDF output out of 10000 (max. 10000000)

