\BOOKMARK [0][-]{section*.1}{\376\377\000D\000e\000c\000l\000a\000r\000a\000t\000i\000o\000n\000\040\000o\000f\000\040\000A\000u\000t\000h\000o\000r\000s\000h\000i\000p}{}% 1
\BOOKMARK [0][-]{section*.2}{\376\377\000A\000b\000s\000t\000r\000a\000c\000t}{}% 2
\BOOKMARK [0][-]{section*.3}{\376\377\000A\000c\000k\000n\000o\000w\000l\000e\000d\000g\000e\000m\000e\000n\000t\000s}{}% 3
\BOOKMARK [0][-]{chapter.8}{\376\377\000G\000e\000n\000e\000r\000a\000l\000\040\000I\000n\000t\000r\000o\000d\000u\000c\000t\000i\000o\000n}{}% 4
\BOOKMARK [1][-]{section.9}{\376\377\000B\000a\000c\000k\000g\000r\000o\000u\000n\000d\000\040\000a\000n\000d\000\040\000M\000o\000t\000i\000v\000a\000t\000i\000o\000n}{chapter.8}% 5
\BOOKMARK [1][-]{section.10}{\376\377\000P\000r\000o\000b\000l\000e\000m\000\040\000S\000t\000a\000t\000e\000m\000e\000n\000t}{chapter.8}% 6
\BOOKMARK [2][-]{subsection.11}{\376\377\000R\000e\000s\000e\000a\000r\000c\000h\000\040\000O\000b\000j\000e\000c\000t\000i\000v\000e\000s\000\040\000a\000n\000d\000\040\000S\000c\000o\000p\000e}{section.10}% 7
\BOOKMARK [1][-]{section.12}{\376\377\000R\000e\000s\000e\000a\000r\000c\000h\000\040\000C\000h\000a\000l\000l\000e\000n\000g\000e\000s}{chapter.8}% 8
\BOOKMARK [1][-]{section.13}{\376\377\000O\000v\000e\000r\000v\000i\000e\000w\000\040\000o\000f\000\040\000M\000e\000t\000h\000o\000d\000s\000\040\000a\000n\000d\000\040\000T\000h\000e\000s\000i\000s\000\040\000O\000r\000g\000a\000n\000i\000z\000a\000t\000i\000o\000n}{chapter.8}% 9
\BOOKMARK [1][-]{section.14}{\376\377\000S\000u\000m\000m\000a\000r\000y}{chapter.8}% 10
\BOOKMARK [0][-]{chapter.15}{\376\377\000A\000\040\000M\000u\000t\000u\000a\000l\000\040\000I\000n\000f\000o\000r\000m\000a\000t\000i\000o\000n\000-\000b\000a\000s\000e\000d\000\040\000M\000u\000l\000t\000i\000p\000l\000e\000\040\000L\000e\000v\000e\000l\000\040\000D\000i\000s\000c\000r\000e\000t\000i\000z\000a\000t\000i\000o\000n\000\040\000N\000e\000t\000w\000o\000r\000k\000\040\000I\000n\000f\000e\000r\000e\000n\000c\000e\000\040\000f\000r\000o\000m\000\040\000T\000i\000m\000e\000-\000s\000e\000r\000i\000e\000s\000\040\000G\000e\000n\000e\000\040\000E\000x\000p\000r\000e\000s\000s\000i\000o\000n\000\040\000P\000r\000o\000f\000i\000l\000e\000s}{}% 11
\BOOKMARK [1][-]{section.16}{\376\377\000A\000b\000s\000t\000r\000a\000c\000t}{chapter.15}% 12
\BOOKMARK [1][-]{section.17}{\376\377\000I\000n\000t\000r\000o\000d\000u\000c\000t\000i\000o\000n}{chapter.15}% 13
\BOOKMARK [2][-]{subsection.18}{\376\377\000M\000o\000t\000i\000v\000a\000t\000i\000o\000n}{section.17}% 14
\BOOKMARK [2][-]{subsection.19}{\376\377\000P\000r\000o\000b\000l\000e\000m\000\040\000S\000t\000a\000t\000e\000m\000e\000n\000t}{section.17}% 15
\BOOKMARK [2][-]{subsection.20}{\376\377\000E\000x\000i\000s\000t\000i\000n\000g\000\040\000S\000o\000l\000u\000t\000i\000o\000n\000s}{section.17}% 16
\BOOKMARK [2][-]{subsection.21}{\376\377\000R\000e\000s\000e\000a\000r\000c\000h\000\040\000O\000b\000j\000e\000c\000t\000i\000v\000e\000s}{section.17}% 17
\BOOKMARK [2][-]{subsection.22}{\376\377\000O\000u\000t\000l\000i\000n\000e\000\040\000o\000f\000\040\000t\000h\000e\000\040\000C\000h\000a\000p\000t\000e\000r}{section.17}% 18
\BOOKMARK [1][-]{section.23}{\376\377\000B\000a\000c\000k\000g\000r\000o\000u\000n\000d\000s}{chapter.15}% 19
\BOOKMARK [2][-]{subsection.24}{\376\377\000O\000v\000e\000r\000v\000i\000e\000w\000\040\000o\000f\000\040\000g\000e\000n\000e\000\040\000r\000e\000g\000u\000l\000a\000t\000o\000r\000y\000\040\000n\000e\000t\000w\000o\000r\000k\000\040\000i\000n\000f\000e\000r\000e\000n\000c\000e}{section.23}% 20
\BOOKMARK [2][-]{subsection.25}{\376\377\000R\000e\000l\000a\000t\000e\000d\000\040\000W\000o\000r\000k\000s}{section.23}% 21
\BOOKMARK [1][-]{section.26}{\376\377\000M\000a\000t\000e\000r\000i\000a\000l\000s\000\040\000a\000n\000d\000\040\000M\000e\000t\000h\000o\000d\000o\000l\000o\000g\000y}{chapter.15}% 22
\BOOKMARK [2][-]{subsection.27}{\376\377\000M\000a\000t\000e\000r\000i\000a\000l\000s}{section.26}% 23
\BOOKMARK [3][-]{section*.28}{\376\377\000A\000\040\000d\000i\000s\000c\000r\000e\000t\000i\000z\000a\000t\000i\000o\000n\000\040\000n\000e\000t\000w\000o\000r\000k\000\040\000m\000o\000d\000e\000l}{subsection.27}% 24
\BOOKMARK [3][-]{section*.29}{\376\377\000T\000h\000e\000\040\000d\000i\000s\000c\000r\000e\000t\000i\000z\000a\000t\000i\000o\000n\000\040\000n\000e\000t\000w\000o\000r\000k\000\040\000i\000n\000f\000e\000r\000e\000n\000c\000e\000\040\000p\000r\000o\000b\000l\000e\000m}{subsection.27}% 25
\BOOKMARK [3][-]{section*.30}{\376\377\000S\000t\000r\000u\000c\000t\000u\000r\000e\000\040\000p\000e\000r\000f\000o\000r\000m\000a\000n\000c\000e\000\040\000m\000e\000t\000r\000i\000c\000s}{subsection.27}% 26
\BOOKMARK [3][-]{section*.31}{\376\377\000M\000u\000t\000u\000a\000l\000\040\000i\000n\000f\000o\000r\000m\000a\000t\000i\000o\000n}{subsection.27}% 27
\BOOKMARK [2][-]{subsection.32}{\376\377\000M\000e\000t\000h\000o\000d\000o\000l\000o\000g\000y}{section.26}% 28
\BOOKMARK [3][-]{section*.34}{\376\377\000D\000i\000s\000c\000r\000e\000t\000i\000z\000a\000t\000i\000o\000n}{subsection.32}% 29
\BOOKMARK [3][-]{section*.39}{\376\377\000M\000I\000F\000S\000\040\000a\000n\000d\000\040\000S\000W\000A\000P\000\040\000s\000u\000b\000r\000o\000u\000t\000i\000n\000e\000s}{subsection.32}% 30
\BOOKMARK [1][-]{section.42}{\376\377\000E\000x\000p\000e\000r\000i\000m\000e\000n\000t\000s\000,\000\040\000R\000e\000s\000u\000l\000t\000s\000,\000\040\000a\000n\000d\000\040\000D\000i\000s\000c\000u\000s\000s\000i\000o\000n\000s}{chapter.15}% 31
\BOOKMARK [2][-]{subsection.43}{\376\377\000E\000x\000p\000e\000r\000i\000m\000e\000n\000t\000s}{section.42}% 32
\BOOKMARK [2][-]{subsection.44}{\376\377\000R\000e\000s\000u\000l\000t\000s}{section.42}% 33
\BOOKMARK [2][-]{subsection.52}{\376\377\000D\000i\000s\000c\000u\000s\000s\000i\000o\000n\000s}{section.42}% 34
\BOOKMARK [1][-]{section.53}{\376\377\000C\000o\000n\000c\000l\000u\000s\000i\000o\000n\000\040\000\046\000\040\000F\000u\000t\000u\000r\000e\000\040\000S\000t\000u\000d\000i\000e\000s}{chapter.15}% 35
\BOOKMARK [2][-]{subsection.54}{\376\377\000C\000o\000n\000c\000l\000u\000s\000i\000o\000n}{section.53}% 36
\BOOKMARK [2][-]{subsection.55}{\376\377\000F\000u\000t\000u\000r\000e\000\040\000S\000t\000u\000d\000i\000e\000s}{section.53}% 37
\BOOKMARK [0][-]{chapter.56}{\376\377\000A\000\040\000R\000e\000p\000r\000e\000s\000e\000n\000t\000a\000t\000i\000o\000n\000\040\000L\000e\000a\000r\000n\000i\000n\000g\000\040\000F\000r\000a\000m\000e\000w\000o\000r\000k\000\040\000f\000o\000r\000\040\000G\000e\000n\000e\000\040\000R\000e\000g\000u\000l\000a\000t\000o\000r\000y\000\040\000N\000e\000t\000w\000o\000r\000k\000\040\000I\000n\000f\000e\000r\000e\000n\000c\000e\000\040\000f\000r\000o\000m\000\040\000T\000i\000m\000e\000-\000s\000e\000r\000i\000e\000s\000\040\000E\000x\000p\000r\000e\000s\000s\000i\000o\000n\000\040\000D\000a\000t\000a}{}% 38
\BOOKMARK [1][-]{section.57}{\376\377\000A\000b\000s\000t\000r\000a\000c\000t}{chapter.56}% 39
\BOOKMARK [1][-]{section.58}{\376\377\000I\000n\000t\000r\000o\000d\000u\000c\000t\000i\000o\000n}{chapter.56}% 40
\BOOKMARK [1][-]{section.59}{\376\377\000M\000a\000t\000e\000r\000i\000a\000l\000s\000\040\000a\000n\000d\000\040\000m\000e\000t\000h\000o\000d\000s}{chapter.56}% 41
\BOOKMARK [2][-]{subsection.60}{\376\377\000R\000e\000l\000a\000t\000e\000d\000\040\000w\000o\000r\000k\000s}{section.59}% 42
\BOOKMARK [2][-]{subsection.61}{\376\377\000P\000e\000r\000f\000o\000r\000m\000a\000n\000c\000e\000\040\000M\000e\000t\000r\000i\000c\000s}{section.59}% 43
\BOOKMARK [1][-]{section.62}{\376\377\000O\000u\000r\000\040\000p\000r\000o\000p\000o\000s\000e\000d\000\040\000m\000o\000d\000e\000l}{chapter.56}% 44
\BOOKMARK [2][-]{subsection.63}{\376\377\000D\000a\000t\000a\000\040\000r\000e\000p\000r\000e\000s\000e\000n\000t\000a\000t\000i\000o\000n}{section.62}% 45
\BOOKMARK [2][-]{subsection.64}{\376\377\000T\000h\000e\000\040\000m\000o\000d\000e\000l}{section.62}% 46
\BOOKMARK [1][-]{section.67}{\376\377\000E\000x\000p\000e\000r\000i\000m\000e\000n\000t\000a\000l\000\040\000R\000e\000s\000u\000l\000t}{chapter.56}% 47
\BOOKMARK [2][-]{subsection.68}{\376\377\000P\000e\000r\000f\000o\000r\000m\000a\000n\000c\000e\000\040\000o\000n\000\040\000T\000o\000y\000\040\000d\000a\000t\000a\000s\000e\000t\000s}{section.67}% 48
\BOOKMARK [2][-]{subsection.70}{\376\377\000P\000e\000r\000f\000o\000r\000m\000a\000n\000c\000e\000\040\000o\000n\000\040\000E\000s\000c\000h\000e\000r\000i\000c\000h\000i\000a\000\040\000c\000o\000l\000i\000\040\000d\000a\000t\000a\000s\000e\000t\000s}{section.67}% 49
\BOOKMARK [2][-]{subsection.76}{\376\377\000R\000u\000n\000n\000i\000n\000g\000\040\000t\000i\000m\000e}{section.67}% 50
\BOOKMARK [1][-]{section.77}{\376\377\000D\000i\000s\000c\000u\000s\000s\000i\000o\000n\000\040\000a\000n\000d\000\040\000C\000o\000n\000c\000l\000u\000s\000i\000o\000n}{chapter.56}% 51
\BOOKMARK [0][-]{chapter.78}{\376\377\000S\000y\000n\000t\000h\000e\000s\000i\000z\000i\000n\000g\000\040\000t\000h\000e\000\040\000T\000i\000m\000e\000-\000s\000e\000r\000i\000e\000s\000\040\000G\000e\000n\000e\000\040\000E\000x\000p\000r\000e\000s\000s\000i\000o\000n\000\040\000D\000a\000t\000a\000\040\000t\000o\000\040\000E\000n\000h\000a\000n\000c\000e\000\040\000t\000h\000e\000\040\000N\000e\000t\000w\000o\000r\000k\000\040\000I\000n\000f\000e\000r\000e\000n\000c\000e\000\040\000P\000e\000r\000f\000o\000r\000m\000a\000n\000c\000e\000\040\000U\000s\000i\000n\000g\000\040\000t\000h\000e\000\040\000A\000u\000t\000o\000e\000n\000c\000o\000d\000e\000r}{}% 52
\BOOKMARK [1][-]{section.79}{\376\377\000A\000b\000s\000t\000r\000a\000c\000t}{chapter.78}% 53
\BOOKMARK [1][-]{section.80}{\376\377\000I\000n\000t\000r\000o\000d\000u\000c\000t\000i\000o\000n}{chapter.78}% 54
\BOOKMARK [1][-]{section.81}{\376\377\000M\000a\000t\000e\000r\000i\000a\000l\000s\000\040\000a\000n\000d\000\040\000M\000e\000t\000h\000o\000d\000s}{chapter.78}% 55
\BOOKMARK [2][-]{subsection.82}{\376\377\000D\000i\000s\000c\000r\000e\000t\000i\000z\000e\000d\000\040\000N\000e\000t\000w\000o\000r\000k\000\040\000M\000o\000d\000e\000l}{section.81}% 56
\BOOKMARK [2][-]{subsection.84}{\376\377\000N\000e\000t\000w\000o\000r\000k\000\040\000I\000n\000f\000e\000r\000e\000n\000c\000e\000\040\000P\000r\000o\000b\000l\000e\000m}{section.81}% 57
\BOOKMARK [2][-]{subsection.86}{\376\377\000S\000t\000r\000u\000c\000t\000u\000r\000a\000l\000\040\000P\000e\000r\000f\000o\000r\000m\000a\000n\000c\000e\000\040\000M\000e\000t\000r\000i\000c\000s}{section.81}% 58
\BOOKMARK [2][-]{subsection.90}{\376\377\000N\000e\000t\000w\000o\000r\000k\000\040\000I\000n\000f\000e\000r\000e\000n\000c\000e\000\040\000M\000e\000t\000h\000o\000d}{section.81}% 59
\BOOKMARK [2][-]{subsection.91}{\376\377\000A\000u\000t\000o\000e\000n\000c\000o\000d\000e\000r\000\040\000M\000o\000d\000e\000l}{section.81}% 60
\BOOKMARK [1][-]{section.92}{\376\377\000O\000u\000r\000\040\000P\000r\000o\000p\000o\000s\000e\000d\000\040\000M\000e\000t\000h\000o\000d}{chapter.78}% 61
\BOOKMARK [2][-]{subsection.94}{\376\377\000S\000y\000n\000t\000h\000e\000s\000i\000s\000\040\000o\000f\000\040\000G\000e\000n\000e\000\040\000E\000x\000p\000r\000e\000s\000s\000i\000o\000n}{section.92}% 62
\BOOKMARK [2][-]{subsection.97}{\376\377\000I\000n\000f\000e\000r\000e\000n\000c\000e\000\040\000o\000f\000\040\000G\000R\000N}{section.92}% 63
\BOOKMARK [1][-]{section.98}{\376\377\000E\000x\000p\000e\000r\000i\000m\000e\000n\000t\000a\000l\000\040\000R\000e\000s\000u\000l\000t\000s}{chapter.78}% 64
\BOOKMARK [2][-]{subsection.99}{\376\377\000E\000x\000p\000e\000r\000i\000m\000e\000n\000t\000\040\000S\000e\000t\000u\000p}{section.98}% 65
\BOOKMARK [2][-]{subsection.102}{\376\377\000R\000e\000s\000u\000l\000t\000s\000\040\000o\000f\000\040\000S\000t\000r\000u\000c\000t\000u\000r\000a\000l\000\040\000P\000e\000r\000f\000o\000r\000m\000a\000n\000c\000e}{section.98}% 66
\BOOKMARK [2][-]{subsection.103}{\376\377\000R\000e\000s\000u\000l\000t\000s\000\040\000o\000f\000\040\000D\000y\000n\000a\000m\000i\000c\000\040\000A\000c\000c\000u\000r\000a\000c\000y}{section.98}% 67
\BOOKMARK [2][-]{subsection.106}{\376\377\000R\000e\000s\000u\000l\000t\000s\000\040\000o\000f\000\040\000S\000i\000m\000i\000l\000a\000r\000i\000t\000y\000\040\000o\000f\000\040\000S\000y\000n\000t\000h\000e\000s\000i\000z\000e\000d\000\040\000E\000x\000p\000r\000e\000s\000s\000i\000o\000n\000s}{section.98}% 68
\BOOKMARK [1][-]{section.108}{\376\377\000D\000i\000s\000c\000u\000s\000s\000i\000o\000n\000\040\000a\000n\000d\000\040\000C\000o\000n\000c\000l\000u\000s\000i\000o\000n\000s}{chapter.78}% 69
\BOOKMARK [0][-]{chapter.109}{\376\377\000G\000e\000n\000e\000r\000a\000l\000\040\000D\000i\000s\000c\000u\000s\000s\000i\000o\000n\000,\000\040\000L\000i\000m\000i\000t\000a\000t\000i\000o\000n\000s\000,\000\040\000a\000n\000d\000\040\000F\000u\000t\000u\000r\000e\000\040\000D\000i\000r\000e\000c\000t\000i\000o\000n\000s}{}% 70
\BOOKMARK [1][-]{section.110}{\376\377\000G\000e\000n\000e\000r\000a\000l\000\040\000O\000v\000e\000r\000v\000i\000e\000w\000\040\000o\000f\000\040\000t\000h\000e\000\040\000T\000h\000e\000s\000i\000s}{chapter.109}% 71
\BOOKMARK [1][-]{section.111}{\376\377\000C\000r\000o\000s\000s\000-\000M\000e\000t\000h\000o\000d\000\040\000D\000i\000s\000c\000u\000s\000s\000i\000o\000n\000\040\000a\000n\000d\000\040\000I\000n\000t\000e\000g\000r\000a\000t\000i\000o\000n\000\040\000o\000f\000\040\000F\000i\000n\000d\000i\000n\000g\000s}{chapter.109}% 72
\BOOKMARK [2][-]{subsection.112}{\376\377\000D\000a\000t\000a\000\040\000R\000e\000p\000r\000e\000s\000e\000n\000t\000a\000t\000i\000o\000n\000\040\000a\000s\000\040\000a\000\040\000C\000o\000r\000e\000\040\000F\000a\000c\000t\000o\000r\000\040\000i\000n\000\040\000G\000R\000N\000\040\000I\000n\000f\000e\000r\000e\000n\000c\000e}{section.111}% 73
\BOOKMARK [2][-]{subsection.113}{\376\377\000S\000t\000r\000u\000c\000t\000u\000r\000a\000l\000\040\000A\000c\000c\000u\000r\000a\000c\000y\000\040\000v\000s\000\040\000D\000y\000n\000a\000m\000i\000c\000\040\000A\000c\000c\000u\000r\000a\000c\000y}{section.111}% 74
\BOOKMARK [2][-]{subsection.114}{\376\377\000S\000c\000a\000l\000a\000b\000i\000l\000i\000t\000y\000\040\000a\000n\000d\000\040\000N\000e\000t\000w\000o\000r\000k\000\040\000C\000o\000m\000p\000l\000e\000x\000i\000t\000y}{section.111}% 75
\BOOKMARK [1][-]{section.115}{\376\377\000L\000i\000m\000i\000t\000a\000t\000i\000o\000n\000s\000\040\000o\000f\000\040\000t\000h\000e\000\040\000P\000r\000o\000p\000o\000s\000e\000d\000\040\000A\000p\000p\000r\000o\000a\000c\000h\000e\000s}{chapter.109}% 76
\BOOKMARK [2][-]{subsection.116}{\376\377\000M\000u\000l\000t\000i\000m\000o\000d\000a\000l\000i\000t\000y\000\040\000o\000f\000\040\000t\000h\000e\000\040\000N\000e\000t\000w\000o\000r\000k\000\040\000I\000n\000f\000e\000r\000e\000n\000c\000e\000\040\000P\000r\000o\000b\000l\000e\000m}{section.115}% 77
\BOOKMARK [2][-]{subsection.117}{\376\377\000L\000i\000m\000i\000t\000a\000t\000i\000o\000n\000s\000\040\000o\000f\000\040\000M\000u\000t\000u\000a\000l\000\040\000I\000n\000f\000o\000r\000m\000a\000t\000i\000o\000n\000-\000B\000a\000s\000e\000d\000\040\000S\000e\000l\000e\000c\000t\000i\000o\000n}{section.115}% 78
\BOOKMARK [2][-]{subsection.118}{\376\377\000L\000i\000m\000i\000t\000a\000t\000i\000o\000n\000s\000\040\000i\000n\000\040\000D\000i\000r\000e\000c\000t\000i\000o\000n\000\040\000a\000n\000d\000\040\000S\000i\000g\000n\000\040\000D\000e\000t\000e\000r\000m\000i\000n\000a\000t\000i\000o\000n}{section.115}% 79
\BOOKMARK [2][-]{subsection.119}{\376\377\000L\000i\000m\000i\000t\000a\000t\000i\000o\000n\000s\000\040\000o\000f\000\040\000S\000y\000n\000t\000h\000e\000t\000i\000c\000\040\000D\000a\000t\000a\000\040\000G\000e\000n\000e\000r\000a\000t\000i\000o\000n}{section.115}% 80
\BOOKMARK [1][-]{section.120}{\376\377\000F\000u\000t\000u\000r\000e\000\040\000R\000e\000s\000e\000a\000r\000c\000h\000\040\000D\000i\000r\000e\000c\000t\000i\000o\000n\000s}{chapter.109}% 81
\BOOKMARK [2][-]{subsection.121}{\376\377\000B\000e\000y\000o\000n\000d\000\040\000G\000r\000e\000e\000d\000y\000\040\000S\000e\000a\000r\000c\000h\000:\000\040\000A\000d\000v\000a\000n\000c\000e\000d\000\040\000O\000p\000t\000i\000m\000i\000z\000a\000t\000i\000o\000n\000\040\000S\000t\000r\000a\000t\000e\000g\000i\000e\000s}{section.120}% 82
\BOOKMARK [2][-]{subsection.122}{\376\377\000C\000a\000u\000s\000a\000l\000\040\000a\000n\000d\000\040\000M\000e\000c\000h\000a\000n\000i\000s\000t\000i\000c\000\040\000I\000n\000f\000e\000r\000e\000n\000c\000e}{section.120}% 83
\BOOKMARK [2][-]{subsection.123}{\376\377\000I\000n\000t\000e\000g\000r\000a\000t\000i\000o\000n\000\040\000o\000f\000\040\000P\000r\000i\000o\000r\000\040\000B\000i\000o\000l\000o\000g\000i\000c\000a\000l\000\040\000K\000n\000o\000w\000l\000e\000d\000g\000e}{section.120}% 84
\BOOKMARK [2][-]{subsection.124}{\376\377\000E\000x\000t\000e\000n\000s\000i\000o\000n\000\040\000t\000o\000\040\000O\000t\000h\000e\000r\000\040\000D\000a\000t\000a\000\040\000T\000y\000p\000e\000s}{section.120}% 85
\BOOKMARK [1][-]{section.125}{\376\377\000C\000o\000n\000c\000l\000u\000d\000i\000n\000g\000\040\000R\000e\000m\000a\000r\000k\000s}{chapter.109}% 86
\BOOKMARK [0][-]{appendix.126}{\376\377\000S\000u\000p\000p\000l\000e\000m\000e\000n\000t\000a\000r\000y\000\040\000M\000a\000t\000e\000r\000i\000a\000l\000s\000\040\000f\000o\000r\000\040\000C\000h\000a\000p\000t\000e\000r\000\040\0003}{}% 87
\BOOKMARK [1][-]{section.127}{\376\377\000A\000l\000g\000o\000r\000i\000t\000h\000m\000\040\000f\000o\000r\000\040\000S\000y\000n\000t\000h\000e\000t\000i\000c\000\040\000D\000a\000t\000a\000s\000e\000t\000\040\000G\000e\000n\000e\000r\000a\000t\000i\000o\000n\000\040\000B\000a\000s\000e\000d\000\040\000o\000n\000\040\000t\000h\000e\000\040\000B\000a\000r\000a\000b\000\341\000s\000i\040\023\000A\000l\000b\000e\000r\000t\000\040\000M\000o\000d\000e\000l}{appendix.126}% 88
\BOOKMARK [1][-]{section.132}{\376\377\000D\000e\000t\000a\000i\000l\000e\000d\000\040\000p\000e\000r\000f\000o\000r\000m\000a\000n\000c\000e\000\040\000r\000e\000s\000u\000l\000t\000s\000\040\000o\000n\000\040\000t\000h\000e\000\040\000E\000.\000\040\000c\000o\000l\000i\000\040\000d\000a\000t\000a\000s\000e\000t}{appendix.126}% 89
\BOOKMARK [1][-]{section.137}{\376\377\000E\000f\000f\000e\000c\000t\000\040\000o\000f\000\040\000T\000r\000a\000i\000n\000i\000n\000g\000\040\000D\000a\000t\000a\000\040\000S\000i\000z\000e\000\040\000a\000n\000d\000\040\000T\000e\000s\000t\000\040\000N\000e\000t\000w\000o\000r\000k\000\040\000S\000c\000a\000l\000e\000\040\000o\000n\000\040\000G\000N\000B\000\040\000P\000e\000r\000f\000o\000r\000m\000a\000n\000c\000e}{appendix.126}% 90
\BOOKMARK [0][-]{appendix.141}{\376\377\000S\000u\000p\000p\000l\000e\000m\000e\000n\000t\000a\000r\000y\000\040\000M\000a\000t\000e\000r\000i\000a\000l\000s\000\040\000f\000o\000r\000\040\000C\000h\000a\000p\000t\000e\000r\000\040\0004}{}% 91
\BOOKMARK [0][-]{appendix*.145}{\376\377\000B\000i\000b\000l\000i\000o\000g\000r\000a\000p\000h\000y}{}% 92
